<?xml version="1.0" encoding="ISO-8859-1" ?>
<link_info>
   <banner>TMS320C2000 Linker PC v22.6.2.LTS</banner>
   <copyright>Copyright (c) 1996-2018 Texas Instruments Incorporated</copyright>
   <link_time>0x687a0611</link_time>
   <link_errors>0x0</link_errors>
   <output_file>cla_cc_f2838x copy.out</output_file>
   <entry_point>
      <name>code_start</name>
      <address>0x0</address>
   </entry_point>
   <input_file_list>
      <input_file id="fl-2">
         <path>.\syscfg\</path>
         <kind>object</kind>
         <file>board.obj</file>
         <name>board.obj</name>
      </input_file>
      <input_file id="fl-3">
         <path>.\syscfg\</path>
         <kind>object</kind>
         <file>c2000ware_libraries.obj</file>
         <name>c2000ware_libraries.obj</name>
      </input_file>
      <input_file id="fl-4">
         <path>.\</path>
         <kind>object</kind>
         <file>lab_cla_tasks.obj</file>
         <name>lab_cla_tasks.obj</name>
      </input_file>
      <input_file id="fl-5">
         <path>.\App\</path>
         <kind>object</kind>
         <file>System_main.obj</file>
         <name>System_main.obj</name>
      </input_file>
      <input_file id="fl-6">
         <path>.\App\</path>
         <kind>object</kind>
         <file>lab_main.obj</file>
         <name>lab_main.obj</name>
      </input_file>
      <input_file id="fl-7">
         <path>.\Common\</path>
         <kind>object</kind>
         <file>Ringbuffer.obj</file>
         <name>Ringbuffer.obj</name>
      </input_file>
      <input_file id="fl-8">
         <path>.\Common\</path>
         <kind>object</kind>
         <file>System_timer.obj</file>
         <name>System_timer.obj</name>
      </input_file>
      <input_file id="fl-9">
         <path>.\Drivers\Comm\</path>
         <kind>object</kind>
         <file>spi_t.obj</file>
         <name>spi_t.obj</name>
      </input_file>
      <input_file id="fl-a">
         <path>.\Drivers\Motor\</path>
         <kind>object</kind>
         <file>DRV8711.obj</file>
         <name>DRV8711.obj</name>
      </input_file>
      <input_file id="fl-b">
         <path>.\Drivers\Motor\</path>
         <kind>object</kind>
         <file>Step_motor.obj</file>
         <name>Step_motor.obj</name>
      </input_file>
      <input_file id="fl-c">
         <path>.\device\</path>
         <kind>object</kind>
         <file>device.obj</file>
         <name>device.obj</name>
      </input_file>
      <input_file id="fl-d">
         <path>.\device\</path>
         <kind>object</kind>
         <file>f2838x_codestartbranch.obj</file>
         <name>f2838x_codestartbranch.obj</name>
      </input_file>
      <input_file id="fl-12">
         <kind>object</kind>
         <file>&lt;internal&gt;</file>
         <name>&lt;internal&gt;</name>
      </input_file>
      <input_file id="fl-13">
         <path>C:\ti\c2000\C2000Ware_5_05_00_00\driverlib\f2838x\driverlib\ccs\Debug\</path>
         <kind>archive</kind>
         <file>driverlib.lib</file>
         <name>adc.obj</name>
      </input_file>
      <input_file id="fl-14">
         <path>C:\ti\c2000\C2000Ware_5_05_00_00\driverlib\f2838x\driverlib\ccs\Debug\</path>
         <kind>archive</kind>
         <file>driverlib.lib</file>
         <name>cla.obj</name>
      </input_file>
      <input_file id="fl-15">
         <path>C:\ti\c2000\C2000Ware_5_05_00_00\driverlib\f2838x\driverlib\ccs\Debug\</path>
         <kind>archive</kind>
         <file>driverlib.lib</file>
         <name>cputimer.obj</name>
      </input_file>
      <input_file id="fl-16">
         <path>C:\ti\c2000\C2000Ware_5_05_00_00\driverlib\f2838x\driverlib\ccs\Debug\</path>
         <kind>archive</kind>
         <file>driverlib.lib</file>
         <name>dcc.obj</name>
      </input_file>
      <input_file id="fl-17">
         <path>C:\ti\c2000\C2000Ware_5_05_00_00\driverlib\f2838x\driverlib\ccs\Debug\</path>
         <kind>archive</kind>
         <file>driverlib.lib</file>
         <name>gpio.obj</name>
      </input_file>
      <input_file id="fl-18">
         <path>C:\ti\c2000\C2000Ware_5_05_00_00\driverlib\f2838x\driverlib\ccs\Debug\</path>
         <kind>archive</kind>
         <file>driverlib.lib</file>
         <name>interrupt.obj</name>
      </input_file>
      <input_file id="fl-19">
         <path>C:\ti\c2000\C2000Ware_5_05_00_00\driverlib\f2838x\driverlib\ccs\Debug\</path>
         <kind>archive</kind>
         <file>driverlib.lib</file>
         <name>ipc.obj</name>
      </input_file>
      <input_file id="fl-1a">
         <path>C:\ti\c2000\C2000Ware_5_05_00_00\driverlib\f2838x\driverlib\ccs\Debug\</path>
         <kind>archive</kind>
         <file>driverlib.lib</file>
         <name>memcfg.obj</name>
      </input_file>
      <input_file id="fl-1b">
         <path>C:\ti\c2000\C2000Ware_5_05_00_00\driverlib\f2838x\driverlib\ccs\Debug\</path>
         <kind>archive</kind>
         <file>driverlib.lib</file>
         <name>sci.obj</name>
      </input_file>
      <input_file id="fl-1c">
         <path>C:\ti\c2000\C2000Ware_5_05_00_00\driverlib\f2838x\driverlib\ccs\Debug\</path>
         <kind>archive</kind>
         <file>driverlib.lib</file>
         <name>sysctl.obj</name>
      </input_file>
      <input_file id="fl-28">
         <path>C:\ti\ccs2010\ccs\tools\compiler\ti-cgt-c2000_22.6.2.LTS\lib\</path>
         <kind>archive</kind>
         <file>rts2800_fpu64_eabi.lib</file>
         <name>boot28.asm.obj</name>
      </input_file>
      <input_file id="fl-29">
         <path>C:\ti\ccs2010\ccs\tools\compiler\ti-cgt-c2000_22.6.2.LTS\lib\</path>
         <kind>archive</kind>
         <file>rts2800_fpu64_eabi.lib</file>
         <name>fs_div28.asm.obj</name>
      </input_file>
      <input_file id="fl-2a">
         <path>C:\ti\ccs2010\ccs\tools\compiler\ti-cgt-c2000_22.6.2.LTS\lib\</path>
         <kind>archive</kind>
         <file>rts2800_fpu64_eabi.lib</file>
         <name>pre_init.c.obj</name>
      </input_file>
      <input_file id="fl-2b">
         <path>C:\ti\ccs2010\ccs\tools\compiler\ti-cgt-c2000_22.6.2.LTS\lib\</path>
         <kind>archive</kind>
         <file>rts2800_fpu64_eabi.lib</file>
         <name>autoinit.c.obj</name>
      </input_file>
      <input_file id="fl-2c">
         <path>C:\ti\ccs2010\ccs\tools\compiler\ti-cgt-c2000_22.6.2.LTS\lib\</path>
         <kind>archive</kind>
         <file>rts2800_fpu64_eabi.lib</file>
         <name>copy_zero_init.c.obj</name>
      </input_file>
      <input_file id="fl-2d">
         <path>C:\ti\ccs2010\ccs\tools\compiler\ti-cgt-c2000_22.6.2.LTS\lib\</path>
         <kind>archive</kind>
         <file>rts2800_fpu64_eabi.lib</file>
         <name>copy_decompress_none.c.obj</name>
      </input_file>
      <input_file id="fl-2e">
         <path>C:\ti\ccs2010\ccs\tools\compiler\ti-cgt-c2000_22.6.2.LTS\lib\</path>
         <kind>archive</kind>
         <file>rts2800_fpu64_eabi.lib</file>
         <name>copy_decompress_lzss.c.obj</name>
      </input_file>
      <input_file id="fl-2f">
         <path>C:\ti\ccs2010\ccs\tools\compiler\ti-cgt-c2000_22.6.2.LTS\lib\</path>
         <kind>archive</kind>
         <file>rts2800_fpu64_eabi.lib</file>
         <name>exit.c.obj</name>
      </input_file>
      <input_file id="fl-30">
         <path>C:\ti\ccs2010\ccs\tools\compiler\ti-cgt-c2000_22.6.2.LTS\lib\</path>
         <kind>archive</kind>
         <file>rts2800_fpu64_eabi.lib</file>
         <name>_lock.c.obj</name>
      </input_file>
      <input_file id="fl-31">
         <path>C:\ti\ccs2010\ccs\tools\compiler\ti-cgt-c2000_22.6.2.LTS\lib\</path>
         <kind>archive</kind>
         <file>rts2800_fpu64_eabi.lib</file>
         <name>args_main.c.obj</name>
      </input_file>
      <input_file id="fl-32">
         <path>C:\ti\ccs2010\ccs\tools\compiler\ti-cgt-c2000_22.6.2.LTS\lib\</path>
         <kind>archive</kind>
         <file>rts2800_fpu64_eabi.lib</file>
         <name>memory.c.obj</name>
      </input_file>
      <input_file id="fl-33">
         <path>C:\ti\ccs2010\ccs\tools\compiler\ti-cgt-c2000_22.6.2.LTS\lib\</path>
         <kind>archive</kind>
         <file>rts2800_fpu64_eabi.lib</file>
         <name>memset.c.obj</name>
      </input_file>
      <input_file id="fl-34">
         <path>C:\ti\ccs2010\ccs\tools\compiler\ti-cgt-c2000_22.6.2.LTS\lib\</path>
         <kind>archive</kind>
         <file>rts2800_fpu64_eabi.lib</file>
         <name>cpy_tbl.c.obj</name>
      </input_file>
      <input_file id="fl-35">
         <path>C:\ti\ccs2010\ccs\tools\compiler\ti-cgt-c2000_22.6.2.LTS\lib\</path>
         <kind>archive</kind>
         <file>rts2800_fpu64_eabi.lib</file>
         <name>memcpy.c.obj</name>
      </input_file>
      <input_file id="fl-36">
         <path>C:\ti\ccs2010\ccs\tools\compiler\ti-cgt-c2000_22.6.2.LTS\lib\</path>
         <kind>archive</kind>
         <file>rts2800_fpu64_eabi.lib</file>
         <name>startup.c.obj</name>
      </input_file>
   </input_file_list>
   <object_component_list>
      <object_component id="oc-32">
         <name>codestart</name>
         <load_address>0x0</load_address>
         <run_address>0x0</run_address>
         <size>0x2</size>
         <input_file_ref idref="fl-d"/>
      </object_component>
      <object_component id="oc-22e">
         <name>.text:MEMCFG_init</name>
         <load_address>0x1b5</load_address>
         <run_address>0x1b5</run_address>
         <size>0x1a1</size>
         <input_file_ref idref="fl-2"/>
      </object_component>
      <object_component id="oc-2fd">
         <name>.text:MemCfg_setProtection</name>
         <load_address>0x356</load_address>
         <run_address>0x356</run_address>
         <size>0xa9</size>
         <input_file_ref idref="fl-1a"/>
      </object_component>
      <object_component id="oc-1a9">
         <name>.text</name>
         <load_address>0x3ff</load_address>
         <run_address>0x3ff</run_address>
         <size>0x1</size>
         <input_file_ref idref="fl-36"/>
      </object_component>
      <object_component id="oc-2b7">
         <name>.text:SysCtl_isPLLValid</name>
         <load_address>0x9000</load_address>
         <run_address>0x9000</run_address>
         <size>0x118</size>
         <input_file_ref idref="fl-1c"/>
      </object_component>
      <object_component id="oc-1fc">
         <name>.text:SysCtl_setAuxClock</name>
         <load_address>0x9118</load_address>
         <run_address>0x9118</run_address>
         <size>0x118</size>
         <input_file_ref idref="fl-1c"/>
      </object_component>
      <object_component id="oc-29d">
         <name>.text:DCC_verifyClockFrequency</name>
         <load_address>0x9230</load_address>
         <run_address>0x9230</run_address>
         <size>0xcb</size>
         <input_file_ref idref="fl-16"/>
      </object_component>
      <object_component id="oc-318">
         <name>.text:myCPUTIMER2_init</name>
         <load_address>0x92fb</load_address>
         <run_address>0x92fb</run_address>
         <size>0xc3</size>
         <input_file_ref idref="fl-2"/>
      </object_component>
      <object_component id="oc-50">
         <name>.text:INT_myCPUTIMER1_ISR</name>
         <load_address>0x93be</load_address>
         <run_address>0x93be</run_address>
         <size>0xba</size>
         <input_file_ref idref="fl-8"/>
      </object_component>
      <object_component id="oc-246">
         <name>.text:mySCI0_init</name>
         <load_address>0x9478</load_address>
         <run_address>0x9478</run_address>
         <size>0xb4</size>
         <input_file_ref idref="fl-2"/>
      </object_component>
      <object_component id="oc-312">
         <name>.text:myCPUTIMER1_init</name>
         <load_address>0x952c</load_address>
         <run_address>0x952c</run_address>
         <size>0xa3</size>
         <input_file_ref idref="fl-2"/>
      </object_component>
      <object_component id="oc-1be">
         <name>.text:Device_init</name>
         <load_address>0x95cf</load_address>
         <run_address>0x95cf</run_address>
         <size>0x7b</size>
         <input_file_ref idref="fl-c"/>
      </object_component>
      <object_component id="oc-39b">
         <name>.text:DCC_setCounterSeeds</name>
         <load_address>0x964a</load_address>
         <run_address>0x964a</run_address>
         <size>0x73</size>
         <input_file_ref idref="fl-16"/>
      </object_component>
      <object_component id="oc-406">
         <name>.text:DCC_setCounterSeeds</name>
         <load_address>0x96bd</load_address>
         <run_address>0x96bd</run_address>
         <size>0x73</size>
         <input_file_ref idref="fl-1c"/>
      </object_component>
      <object_component id="oc-448">
         <name>.text:ADC_setINLTrim</name>
         <load_address>0x9730</load_address>
         <run_address>0x9730</run_address>
         <size>0x6c</size>
         <input_file_ref idref="fl-13"/>
      </object_component>
      <object_component id="oc-20e">
         <name>.text:SysCtl_getAuxClock</name>
         <load_address>0x979c</load_address>
         <run_address>0x979c</run_address>
         <size>0x61</size>
         <input_file_ref idref="fl-1c"/>
      </object_component>
      <object_component id="oc-a8">
         <name>.text:__error__</name>
         <load_address>0x97fd</load_address>
         <run_address>0x97fd</run_address>
         <size>0x3</size>
         <input_file_ref idref="fl-c"/>
      </object_component>
      <object_component id="oc-342">
         <name>.text:moveMotorTo</name>
         <load_address>0x9800</load_address>
         <run_address>0x9800</run_address>
         <size>0x6c</size>
         <input_file_ref idref="fl-8"/>
      </object_component>
      <object_component id="oc-202">
         <name>.text:SysCtl_getClock</name>
         <load_address>0x986c</load_address>
         <run_address>0x986c</run_address>
         <size>0x60</size>
         <input_file_ref idref="fl-1c"/>
      </object_component>
      <object_component id="oc-2bf">
         <name>.text:SysCtl_selectOscSourceAuxPLL</name>
         <load_address>0x98cc</load_address>
         <run_address>0x98cc</run_address>
         <size>0x5e</size>
         <input_file_ref idref="fl-1c"/>
      </object_component>
      <object_component id="oc-44e">
         <name>.text:ADC_setOffsetTrim</name>
         <load_address>0x992a</load_address>
         <run_address>0x992a</run_address>
         <size>0x5d</size>
         <input_file_ref idref="fl-13"/>
      </object_component>
      <object_component id="oc-30c">
         <name>.text:myCPUTIMER0_init</name>
         <load_address>0x9987</load_address>
         <run_address>0x9987</run_address>
         <size>0x58</size>
         <input_file_ref idref="fl-2"/>
      </object_component>
      <object_component id="oc-2d7">
         <name>.text:GPIO_setPadConfig</name>
         <load_address>0x99df</load_address>
         <run_address>0x99df</run_address>
         <size>0x52</size>
         <input_file_ref idref="fl-17"/>
      </object_component>
      <object_component id="oc-44">
         <name>.text:INT_mySCI0_RX_ISR</name>
         <load_address>0x9a31</load_address>
         <run_address>0x9a31</run_address>
         <size>0x4d</size>
         <input_file_ref idref="fl-5"/>
      </object_component>
      <object_component id="oc-41c">
         <name>.text:SysCtl_pollX1Counter</name>
         <load_address>0x9a7e</load_address>
         <run_address>0x9a7e</run_address>
         <size>0x49</size>
         <input_file_ref idref="fl-1c"/>
      </object_component>
      <object_component id="oc-2ab">
         <name>.text:SysCtl_selectOscSource</name>
         <load_address>0x9ac7</load_address>
         <run_address>0x9ac7</run_address>
         <size>0x47</size>
         <input_file_ref idref="fl-1c"/>
      </object_component>
      <object_component id="oc-b7">
         <name>.text:SCI_clearInterruptStatus</name>
         <load_address>0x9b0e</load_address>
         <run_address>0x9b0e</run_address>
         <size>0x45</size>
         <input_file_ref idref="fl-1b"/>
      </object_component>
      <object_component id="oc-332">
         <name>.text:SCI_enableInterrupt</name>
         <load_address>0x9b53</load_address>
         <run_address>0x9b53</run_address>
         <size>0x44</size>
         <input_file_ref idref="fl-1b"/>
      </object_component>
      <object_component id="oc-271">
         <name>.text:SCI_writeCharArray</name>
         <load_address>0x9b97</load_address>
         <run_address>0x9b97</run_address>
         <size>0x41</size>
         <input_file_ref idref="fl-1b"/>
      </object_component>
      <object_component id="oc-3c8">
         <name>.text:SysCtl_selectXTAL</name>
         <load_address>0x9bd8</load_address>
         <run_address>0x9bd8</run_address>
         <size>0x40</size>
         <input_file_ref idref="fl-1c"/>
      </object_component>
      <object_component id="oc-32c">
         <name>.text:SCI_setConfig</name>
         <load_address>0x9c18</load_address>
         <run_address>0x9c18</run_address>
         <size>0x3e</size>
         <input_file_ref idref="fl-1b"/>
      </object_component>
      <object_component id="oc-39">
         <name>.text:INTERRUPT_init</name>
         <load_address>0x9c56</load_address>
         <run_address>0x9c56</run_address>
         <size>0x3d</size>
         <input_file_ref idref="fl-2"/>
      </object_component>
      <object_component id="oc-1c4">
         <name>.text:Interrupt_initModule</name>
         <load_address>0x9c93</load_address>
         <run_address>0x9c93</run_address>
         <size>0x3d</size>
         <input_file_ref idref="fl-18"/>
      </object_component>
      <object_component id="oc-2f1">
         <name>.text:MemCfg_setLSRAMControllerSel</name>
         <load_address>0x9cd0</load_address>
         <run_address>0x9cd0</run_address>
         <size>0x39</size>
         <input_file_ref idref="fl-1a"/>
      </object_component>
      <object_component id="oc-38">
         <name>.text:cla1Isr1</name>
         <load_address>0x9d09</load_address>
         <run_address>0x9d09</run_address>
         <size>0x39</size>
         <input_file_ref idref="fl-5"/>
      </object_component>
      <object_component id="oc-465">
         <name>.text:GPIO_setControllerCore</name>
         <load_address>0x9d42</load_address>
         <run_address>0x9d42</run_address>
         <size>0x37</size>
         <input_file_ref idref="fl-17"/>
      </object_component>
      <object_component id="oc-2d1">
         <name>.text:GPIO_setPinConfig</name>
         <load_address>0x9d79</load_address>
         <run_address>0x9d79</run_address>
         <size>0x37</size>
         <input_file_ref idref="fl-17"/>
      </object_component>
      <object_component id="oc-2dd">
         <name>.text:GPIO_setQualificationMode</name>
         <load_address>0x9db0</load_address>
         <run_address>0x9db0</run_address>
         <size>0x37</size>
         <input_file_ref idref="fl-17"/>
      </object_component>
      <object_component id="oc-9d">
         <name>.text:Interrupt_enable</name>
         <load_address>0x9de7</load_address>
         <run_address>0x9de7</run_address>
         <size>0x37</size>
         <input_file_ref idref="fl-18"/>
      </object_component>
      <object_component id="oc-21a">
         <name>.text:Device_initGPIO</name>
         <load_address>0x9e1e</load_address>
         <run_address>0x9e1e</run_address>
         <size>0x35</size>
         <input_file_ref idref="fl-c"/>
      </object_component>
      <object_component id="oc-45f">
         <name>.text:GPIO_setDirectionMode</name>
         <load_address>0x9e53</load_address>
         <run_address>0x9e53</run_address>
         <size>0x31</size>
         <input_file_ref idref="fl-17"/>
      </object_component>
      <object_component id="oc-56">
         <name>.text:INT_myCPUTIMER0_ISR</name>
         <load_address>0x9e84</load_address>
         <run_address>0x9e84</run_address>
         <size>0x30</size>
         <input_file_ref idref="fl-8"/>
      </object_component>
      <object_component id="oc-25">
         <name>.text:decompress:lzss</name>
         <load_address>0x9eb4</load_address>
         <run_address>0x9eb4</run_address>
         <size>0x2e</size>
         <input_file_ref idref="fl-2e"/>
      </object_component>
      <object_component id="oc-166">
         <name>.text:__TI_auto_init_nobinit_nopinit</name>
         <load_address>0x9ee2</load_address>
         <run_address>0x9ee2</run_address>
         <size>0x2b</size>
         <input_file_ref idref="fl-2b"/>
      </object_component>
      <object_component id="oc-147">
         <name>.text</name>
         <load_address>0x9f0d</load_address>
         <run_address>0x9f0d</run_address>
         <size>0x29</size>
         <input_file_ref idref="fl-2f"/>
      </object_component>
      <object_component id="oc-305">
         <name>.text:ADC_setMode</name>
         <load_address>0x9f36</load_address>
         <run_address>0x9f36</run_address>
         <size>0x28</size>
         <input_file_ref idref="fl-13"/>
      </object_component>
      <object_component id="oc-222">
         <name>.text:PinMux_init</name>
         <load_address>0x9f5e</load_address>
         <run_address>0x9f5e</run_address>
         <size>0x28</size>
         <input_file_ref idref="fl-2"/>
      </object_component>
      <object_component id="oc-2ea">
         <name>.text:CLA_setTriggerSource</name>
         <load_address>0x9f86</load_address>
         <run_address>0x9f86</run_address>
         <size>0x26</size>
         <input_file_ref idref="fl-14"/>
      </object_component>
      <object_component id="oc-2f7">
         <name>.text:MemCfg_setGSRAMControllerSel</name>
         <load_address>0x9fac</load_address>
         <run_address>0x9fac</run_address>
         <size>0x26</size>
         <input_file_ref idref="fl-1a"/>
      </object_component>
      <object_component id="oc-121">
         <name>.text:One_Step</name>
         <load_address>0x9fd2</load_address>
         <run_address>0x9fd2</run_address>
         <size>0x26</size>
         <input_file_ref idref="fl-b"/>
      </object_component>
      <object_component id="oc-2b">
         <name>.text:decompress:none</name>
         <load_address>0x9ff8</load_address>
         <run_address>0x9ff8</run_address>
         <size>0x8</size>
         <input_file_ref idref="fl-2d"/>
      </object_component>
      <object_component id="oc-3ce">
         <name>.text:SysCtl_selectXTALSingleEnded</name>
         <load_address>0xa6a2</load_address>
         <run_address>0xa6a2</run_address>
         <size>0x25</size>
         <input_file_ref idref="fl-1c"/>
      </object_component>
      <object_component id="oc-3a1">
         <name>.text:DCC_enableSingleShotMode</name>
         <load_address>0xa6c7</load_address>
         <run_address>0xa6c7</run_address>
         <size>0x24</size>
         <input_file_ref idref="fl-16"/>
      </object_component>
      <object_component id="oc-40c">
         <name>.text:DCC_enableSingleShotMode</name>
         <load_address>0xa6eb</load_address>
         <run_address>0xa6eb</run_address>
         <size>0x24</size>
         <input_file_ref idref="fl-1c"/>
      </object_component>
      <object_component id="oc-34b">
         <name>.text:SCI_isFIFOEnabled</name>
         <load_address>0xa70f</load_address>
         <run_address>0xa70f</run_address>
         <size>0x20</size>
         <input_file_ref idref="fl-1b"/>
      </object_component>
      <object_component id="oc-25f">
         <name>.text:run_position_state</name>
         <load_address>0xa72f</load_address>
         <run_address>0xa72f</run_address>
         <size>0x1f</size>
         <input_file_ref idref="fl-5"/>
      </object_component>
      <object_component id="oc-38f">
         <name>.text:DCC_setCounter0ClkSource</name>
         <load_address>0xa74e</load_address>
         <run_address>0xa74e</run_address>
         <size>0x1e</size>
         <input_file_ref idref="fl-16"/>
      </object_component>
      <object_component id="oc-3fa">
         <name>.text:DCC_setCounter0ClkSource</name>
         <load_address>0xa76c</load_address>
         <run_address>0xa76c</run_address>
         <size>0x1e</size>
         <input_file_ref idref="fl-1c"/>
      </object_component>
      <object_component id="oc-395">
         <name>.text:DCC_setCounter1ClkSource</name>
         <load_address>0xa78a</load_address>
         <run_address>0xa78a</run_address>
         <size>0x1e</size>
         <input_file_ref idref="fl-16"/>
      </object_component>
      <object_component id="oc-400">
         <name>.text:DCC_setCounter1ClkSource</name>
         <load_address>0xa7a8</load_address>
         <run_address>0xa7a8</run_address>
         <size>0x1e</size>
         <input_file_ref idref="fl-1c"/>
      </object_component>
      <object_component id="oc-5d">
         <name>.text:Interrupt_initVectorTable</name>
         <load_address>0xa7c6</load_address>
         <run_address>0xa7c6</run_address>
         <size>0x1e</size>
         <input_file_ref idref="fl-18"/>
      </object_component>
      <object_component id="oc-3bf">
         <name>.text:DCC_getErrorStatus</name>
         <load_address>0xa7e4</load_address>
         <run_address>0xa7e4</run_address>
         <size>0x1c</size>
         <input_file_ref idref="fl-16"/>
      </object_component>
      <object_component id="oc-80">
         <name>.text</name>
         <load_address>0xb000</load_address>
         <run_address>0xb000</run_address>
         <size>0x1d</size>
         <input_file_ref idref="fl-35"/>
      </object_component>
      <object_component id="oc-3b9">
         <name>.text:DCC_getSingleShotStatus</name>
         <load_address>0xb01d</load_address>
         <run_address>0xb01d</run_address>
         <size>0x1c</size>
         <input_file_ref idref="fl-16"/>
      </object_component>
      <object_component id="oc-1f0">
         <name>.text:Device_verifyXTAL</name>
         <load_address>0xb039</load_address>
         <run_address>0xb039</run_address>
         <size>0x1c</size>
         <input_file_ref idref="fl-c"/>
      </object_component>
      <object_component id="oc-441">
         <name>.text:ADC_isBaseValid</name>
         <load_address>0xb055</load_address>
         <run_address>0xb055</run_address>
         <size>0x1b</size>
         <input_file_ref idref="fl-13"/>
      </object_component>
      <object_component id="oc-107">
         <name>.text:SCI_isBaseValid</name>
         <load_address>0xb070</load_address>
         <run_address>0xb070</run_address>
         <size>0x1b</size>
         <input_file_ref idref="fl-1b"/>
      </object_component>
      <object_component id="oc-365">
         <name>.text:DCC_isBaseValid</name>
         <load_address>0xb08b</load_address>
         <run_address>0xb08b</run_address>
         <size>0x1a</size>
         <input_file_ref idref="fl-16"/>
      </object_component>
      <object_component id="oc-4a2">
         <name>.text:DCC_isBaseValid</name>
         <load_address>0xb0a5</load_address>
         <run_address>0xb0a5</run_address>
         <size>0x1a</size>
         <input_file_ref idref="fl-1c"/>
      </object_component>
      <object_component id="oc-357">
         <name>.text:SCI_isSpaceAvailableNonFIFO</name>
         <load_address>0xb0bf</load_address>
         <run_address>0xb0bf</run_address>
         <size>0x1a</size>
         <input_file_ref idref="fl-1b"/>
      </object_component>
      <object_component id="oc-208">
         <name>.text:SysCtl_getLowSpeedClock</name>
         <load_address>0xb0d9</load_address>
         <run_address>0xb0d9</run_address>
         <size>0x1a</size>
         <input_file_ref idref="fl-1c"/>
      </object_component>
      <object_component id="oc-228">
         <name>.text:myCLA0_init</name>
         <load_address>0xb0f3</load_address>
         <run_address>0xb0f3</run_address>
         <size>0x19</size>
         <input_file_ref idref="fl-2"/>
      </object_component>
      <object_component id="oc-e6">
         <name>.text</name>
         <load_address>0xb10c</load_address>
         <run_address>0xb10c</run_address>
         <size>0x19</size>
         <input_file_ref idref="fl-28"/>
      </object_component>
      <object_component id="oc-46d">
         <name>.text:SCI_disableModule</name>
         <load_address>0xb125</load_address>
         <run_address>0xb125</run_address>
         <size>0x18</size>
         <input_file_ref idref="fl-1b"/>
      </object_component>
      <object_component id="oc-10e">
         <name>.text:SCI_performSoftwareReset</name>
         <load_address>0xb13d</load_address>
         <run_address>0xb13d</run_address>
         <size>0x18</size>
         <input_file_ref idref="fl-1b"/>
      </object_component>
      <object_component id="oc-4c9">
         <name>.text:CPUTimer_isBaseValid</name>
         <load_address>0xb155</load_address>
         <run_address>0xb155</run_address>
         <size>0x17</size>
         <input_file_ref idref="fl-15"/>
      </object_component>
      <object_component id="oc-3d6">
         <name>.text:SysCtl_enablePeripheral</name>
         <load_address>0xb16c</load_address>
         <run_address>0xb16c</run_address>
         <size>0x17</size>
         <input_file_ref idref="fl-1c"/>
      </object_component>
      <object_component id="oc-389">
         <name>.text:DCC_disableDoneSignal</name>
         <load_address>0xb183</load_address>
         <run_address>0xb183</run_address>
         <size>0x16</size>
         <input_file_ref idref="fl-16"/>
      </object_component>
      <object_component id="oc-3f4">
         <name>.text:DCC_disableDoneSignal</name>
         <load_address>0xb199</load_address>
         <run_address>0xb199</run_address>
         <size>0x16</size>
         <input_file_ref idref="fl-1c"/>
      </object_component>
      <object_component id="oc-3ad">
         <name>.text:DCC_enableDoneSignal</name>
         <load_address>0xb1af</load_address>
         <run_address>0xb1af</run_address>
         <size>0x16</size>
         <input_file_ref idref="fl-16"/>
      </object_component>
      <object_component id="oc-5c">
         <name>.text:Interrupt_defaultHandler</name>
         <load_address>0xb1c5</load_address>
         <run_address>0xb1c5</run_address>
         <size>0x16</size>
         <input_file_ref idref="fl-18"/>
      </object_component>
      <object_component id="oc-377">
         <name>.text:DCC_clearDoneFlag</name>
         <load_address>0xb1db</load_address>
         <run_address>0xb1db</run_address>
         <size>0x15</size>
         <input_file_ref idref="fl-16"/>
      </object_component>
      <object_component id="oc-3e2">
         <name>.text:DCC_clearDoneFlag</name>
         <load_address>0xb1f0</load_address>
         <run_address>0xb1f0</run_address>
         <size>0x15</size>
         <input_file_ref idref="fl-1c"/>
      </object_component>
      <object_component id="oc-371">
         <name>.text:DCC_clearErrorFlag</name>
         <load_address>0xb205</load_address>
         <run_address>0xb205</run_address>
         <size>0x15</size>
         <input_file_ref idref="fl-16"/>
      </object_component>
      <object_component id="oc-3dc">
         <name>.text:DCC_clearErrorFlag</name>
         <load_address>0xb21a</load_address>
         <run_address>0xb21a</run_address>
         <size>0x15</size>
         <input_file_ref idref="fl-1c"/>
      </object_component>
      <object_component id="oc-383">
         <name>.text:DCC_disableErrorSignal</name>
         <load_address>0xb22f</load_address>
         <run_address>0xb22f</run_address>
         <size>0x15</size>
         <input_file_ref idref="fl-16"/>
      </object_component>
      <object_component id="oc-3ee">
         <name>.text:DCC_disableErrorSignal</name>
         <load_address>0xb244</load_address>
         <run_address>0xb244</run_address>
         <size>0x15</size>
         <input_file_ref idref="fl-1c"/>
      </object_component>
      <object_component id="oc-297">
         <name>.text:SysCtl_enablePeripheral</name>
         <load_address>0xb259</load_address>
         <run_address>0xb259</run_address>
         <size>0x15</size>
         <input_file_ref idref="fl-c"/>
      </object_component>
      <object_component id="oc-37d">
         <name>.text:DCC_disableModule</name>
         <load_address>0xb26e</load_address>
         <run_address>0xb26e</run_address>
         <size>0x14</size>
         <input_file_ref idref="fl-16"/>
      </object_component>
      <object_component id="oc-3e8">
         <name>.text:DCC_disableModule</name>
         <load_address>0xb282</load_address>
         <run_address>0xb282</run_address>
         <size>0x14</size>
         <input_file_ref idref="fl-1c"/>
      </object_component>
      <object_component id="oc-3a7">
         <name>.text:DCC_enableErrorSignal</name>
         <load_address>0xb296</load_address>
         <run_address>0xb296</run_address>
         <size>0x14</size>
         <input_file_ref idref="fl-16"/>
      </object_component>
      <object_component id="oc-3b3">
         <name>.text:DCC_enableModule</name>
         <load_address>0xb2aa</load_address>
         <run_address>0xb2aa</run_address>
         <size>0x14</size>
         <input_file_ref idref="fl-16"/>
      </object_component>
      <object_component id="oc-412">
         <name>.text:DCC_enableModule</name>
         <load_address>0xb2be</load_address>
         <run_address>0xb2be</run_address>
         <size>0x14</size>
         <input_file_ref idref="fl-1c"/>
      </object_component>
      <object_component id="oc-351">
         <name>.text:SCI_getTxFIFOStatus</name>
         <load_address>0xb2d2</load_address>
         <run_address>0xb2d2</run_address>
         <size>0x14</size>
         <input_file_ref idref="fl-1b"/>
      </object_component>
      <object_component id="oc-31f">
         <name>.text:STEP_init</name>
         <load_address>0xb2e6</load_address>
         <run_address>0xb2e6</run_address>
         <size>0x14</size>
         <input_file_ref idref="fl-2"/>
      </object_component>
      <object_component id="oc-325">
         <name>.text:myBoardLED0_GPIO_init</name>
         <load_address>0xb2fa</load_address>
         <run_address>0xb2fa</run_address>
         <size>0x14</size>
         <input_file_ref idref="fl-2"/>
      </object_component>
      <object_component id="oc-1ca">
         <name>.text:Board_init</name>
         <load_address>0xb30e</load_address>
         <run_address>0xb30e</run_address>
         <size>0x13</size>
         <input_file_ref idref="fl-2"/>
      </object_component>
      <object_component id="oc-456">
         <name>.text:CPUTimer_setEmulationMode</name>
         <load_address>0xb321</load_address>
         <run_address>0xb321</run_address>
         <size>0x13</size>
         <input_file_ref idref="fl-15"/>
      </object_component>
      <object_component id="oc-423">
         <name>.text:Device_enableUnbondedGPIOPullupsFor176Pin</name>
         <load_address>0xb334</load_address>
         <run_address>0xb334</run_address>
         <size>0x13</size>
         <input_file_ref idref="fl-c"/>
      </object_component>
      <object_component id="oc-473">
         <name>.text:SCI_enableModule</name>
         <load_address>0xb347</load_address>
         <run_address>0xb347</run_address>
         <size>0x13</size>
         <input_file_ref idref="fl-1b"/>
      </object_component>
      <object_component id="oc-b1">
         <name>.text:ringbuffer_write</name>
         <load_address>0xb35a</load_address>
         <run_address>0xb35a</run_address>
         <size>0x12</size>
         <input_file_ref idref="fl-7"/>
      </object_component>
      <object_component id="oc-265">
         <name>.text:run_operate_state</name>
         <load_address>0xb36c</load_address>
         <run_address>0xb36c</run_address>
         <size>0x12</size>
         <input_file_ref idref="fl-5"/>
      </object_component>
      <object_component id="oc-277">
         <name>.text:ringbuffer_read</name>
         <load_address>0xb37e</load_address>
         <run_address>0xb37e</run_address>
         <size>0x11</size>
         <input_file_ref idref="fl-7"/>
      </object_component>
      <object_component id="oc-63">
         <name>.text:Interrupt_unregister</name>
         <load_address>0xb38f</load_address>
         <run_address>0xb38f</run_address>
         <size>0xf</size>
         <input_file_ref idref="fl-19"/>
      </object_component>
      <object_component id="oc-2b1">
         <name>.text:SysCtl_setPLLSysClk</name>
         <load_address>0xb39e</load_address>
         <run_address>0xb39e</run_address>
         <size>0xf</size>
         <input_file_ref idref="fl-1c"/>
      </object_component>
      <object_component id="oc-42c">
         <name>.text:GPIO_isPinValid</name>
         <load_address>0xb3ad</load_address>
         <run_address>0xb3ad</run_address>
         <size>0xe</size>
         <input_file_ref idref="fl-17"/>
      </object_component>
      <object_component id="oc-196">
         <name>.text:main</name>
         <load_address>0xb3bb</load_address>
         <run_address>0xb3bb</run_address>
         <size>0xe</size>
         <input_file_ref idref="fl-6"/>
      </object_component>
      <object_component id="oc-26b">
         <name>.text:run_idle_state</name>
         <load_address>0xb3c9</load_address>
         <run_address>0xb3c9</run_address>
         <size>0xe</size>
         <input_file_ref idref="fl-5"/>
      </object_component>
      <object_component id="oc-4a">
         <name>.text:INT_myCPUTIMER2_ISR</name>
         <load_address>0xb3d7</load_address>
         <run_address>0xb3d7</run_address>
         <size>0xd</size>
         <input_file_ref idref="fl-8"/>
      </object_component>
      <object_component id="oc-ee">
         <name>.text:Interrupt_disableGlobal</name>
         <load_address>0xb3e4</load_address>
         <run_address>0xb3e4</run_address>
         <size>0xd</size>
         <input_file_ref idref="fl-18"/>
      </object_component>
      <object_component id="oc-f4">
         <name>.text:Interrupt_enableGlobal</name>
         <load_address>0xb3f1</load_address>
         <run_address>0xb3f1</run_address>
         <size>0xd</size>
         <input_file_ref idref="fl-18"/>
      </object_component>
      <object_component id="oc-88">
         <name>.text:decompress:ZI:__TI_zero_init_nomemset</name>
         <load_address>0xb3fe</load_address>
         <run_address>0xb3fe</run_address>
         <size>0xd</size>
         <input_file_ref idref="fl-2c"/>
      </object_component>
      <object_component id="oc-24d">
         <name>.text:ringbuffer_init</name>
         <load_address>0xb40b</load_address>
         <run_address>0xb40b</run_address>
         <size>0xc</size>
         <input_file_ref idref="fl-7"/>
      </object_component>
      <object_component id="oc-141">
         <name>.text</name>
         <load_address>0xb417</load_address>
         <run_address>0xb417</run_address>
         <size>0xc</size>
         <input_file_ref idref="fl-31"/>
      </object_component>
      <object_component id="oc-2ca">
         <name>.text:Device_enableUnbondedGPIOPullups</name>
         <load_address>0xb423</load_address>
         <run_address>0xb423</run_address>
         <size>0xb</size>
         <input_file_ref idref="fl-c"/>
      </object_component>
      <object_component id="oc-2a5">
         <name>.text:SysCtl_isMCDClockFailureDetected</name>
         <load_address>0xb42e</load_address>
         <run_address>0xb42e</run_address>
         <size>0xb</size>
         <input_file_ref idref="fl-1c"/>
      </object_component>
      <object_component id="oc-6e">
         <name>.text:Interrupt_illegalOperationHandler</name>
         <load_address>0xb439</load_address>
         <run_address>0xb439</run_address>
         <size>0xa</size>
         <input_file_ref idref="fl-18"/>
      </object_component>
      <object_component id="oc-74">
         <name>.text:Interrupt_nmiHandler</name>
         <load_address>0xb443</load_address>
         <run_address>0xb443</run_address>
         <size>0xa</size>
         <input_file_ref idref="fl-18"/>
      </object_component>
      <object_component id="oc-259">
         <name>.text:run_pressure_state</name>
         <load_address>0xb44d</load_address>
         <run_address>0xb44d</run_address>
         <size>0xa</size>
         <input_file_ref idref="fl-5"/>
      </object_component>
      <object_component id="oc-1dd">
         <name>.text</name>
         <load_address>0xb457</load_address>
         <run_address>0xb457</run_address>
         <size>0x9</size>
         <input_file_ref idref="fl-30"/>
      </object_component>
      <object_component id="oc-94">
         <name>.text</name>
         <load_address>0xb460</load_address>
         <run_address>0xb460</run_address>
         <size>0x8</size>
         <input_file_ref idref="fl-d"/>
      </object_component>
      <object_component id="oc-499">
         <name>.text:SysCtl_resetMCD</name>
         <load_address>0xb468</load_address>
         <run_address>0xb468</run_address>
         <size>0x7</size>
         <input_file_ref idref="fl-1c"/>
      </object_component>
      <object_component id="oc-c4">
         <name>.text:motor_step_event</name>
         <load_address>0xb46f</load_address>
         <run_address>0xb46f</run_address>
         <size>0x7</size>
         <input_file_ref idref="fl-b"/>
      </object_component>
      <object_component id="oc-df">
         <name>.text</name>
         <load_address>0xb476</load_address>
         <run_address>0xb476</run_address>
         <size>0x7</size>
         <input_file_ref idref="fl-33"/>
      </object_component>
      <object_component id="oc-253">
         <name>.text:run_error_state</name>
         <load_address>0xb47d</load_address>
         <run_address>0xb47d</run_address>
         <size>0x6</size>
         <input_file_ref idref="fl-5"/>
      </object_component>
      <object_component id="oc-240">
         <name>.text:GPIO_init</name>
         <load_address>0xb483</load_address>
         <run_address>0xb483</run_address>
         <size>0x5</size>
         <input_file_ref idref="fl-2"/>
      </object_component>
      <object_component id="oc-11b">
         <name>.text:motor_is_ready</name>
         <load_address>0xb488</load_address>
         <run_address>0xb488</run_address>
         <size>0x2</size>
         <input_file_ref idref="fl-b"/>
      </object_component>
      <object_component id="oc-13a">
         <name>.text</name>
         <load_address>0xb48a</load_address>
         <run_address>0xb48a</run_address>
         <size>0x2</size>
         <input_file_ref idref="fl-2a"/>
      </object_component>
      <object_component id="oc-27d">
         <name>.text:run_init_state</name>
         <load_address>0xb48c</load_address>
         <run_address>0xb48c</run_address>
         <size>0x2</size>
         <input_file_ref idref="fl-5"/>
      </object_component>
      <object_component id="oc-339">
         <name>.text</name>
         <load_address>0xc000</load_address>
         <run_address>0xc000</run_address>
         <size>0x298</size>
         <input_file_ref idref="fl-32"/>
      </object_component>
      <object_component id="oc-214">
         <name>.text:Device_enableAllPeripherals</name>
         <load_address>0xc298</load_address>
         <run_address>0xc298</run_address>
         <size>0x167</size>
         <input_file_ref idref="fl-c"/>
      </object_component>
      <object_component id="oc-1f6">
         <name>.text:SysCtl_setClock</name>
         <load_address>0xc3ff</load_address>
         <run_address>0xc3ff</run_address>
         <size>0x13b</size>
         <input_file_ref idref="fl-1c"/>
      </object_component>
      <object_component id="oc-234">
         <name>.text:myADC0_init</name>
         <load_address>0xc53a</load_address>
         <run_address>0xc53a</run_address>
         <size>0x11c</size>
         <input_file_ref idref="fl-2"/>
      </object_component>
      <object_component id="oc-1d0">
         <name>.text:System_main</name>
         <load_address>0xc656</load_address>
         <run_address>0xc656</run_address>
         <size>0x11b</size>
         <input_file_ref idref="fl-5"/>
      </object_component>
      <object_component id="oc-36c">
         <name>.text</name>
         <load_address>0xc771</load_address>
         <run_address>0xc771</run_address>
         <size>0x88</size>
         <input_file_ref idref="fl-29"/>
      </object_component>
      <object_component id="oc-23a">
         <name>.text:CPUTIMER_init</name>
         <load_address>0xc7f9</load_address>
         <run_address>0xc7f9</run_address>
         <size>0x7</size>
         <input_file_ref idref="fl-2"/>
      </object_component>
      <object_component id="oc-518">
         <name>.cinit..data.load</name>
         <load_address>0xa80e</load_address>
         <run_address>0xa80e</run_address>
         <size>0xa</size>
      </object_component>
      <object_component id="oc-515">
         <name>__TI_handler_table</name>
         <load_address>0xa818</load_address>
         <run_address>0xa818</run_address>
         <size>0x6</size>
      </object_component>
      <object_component id="oc-517">
         <name>.cinit..bss.load</name>
         <load_address>0xa81e</load_address>
         <run_address>0xa81e</run_address>
         <size>0x4</size>
      </object_component>
      <object_component id="oc-516">
         <name>__TI_cinit_table</name>
         <load_address>0xa822</load_address>
         <run_address>0xa822</run_address>
         <size>0x8</size>
      </object_component>
      <object_component id="oc-7a">
         <name>.stack</name>
         <uninitialized>true</uninitialized>
         <run_address>0x400</run_address>
         <size>0x0</size>
         <input_file_ref idref="fl-28"/>
      </object_component>
      <object_component id="oc-519">
         <name>.stack</name>
         <uninitialized>true</uninitialized>
         <run_address>0x400</run_address>
         <size>0x0</size>
      </object_component>
      <object_component id="oc-283">
         <name>.bss</name>
         <uninitialized>true</uninitialized>
         <run_address>0xa69e</run_address>
         <size>0x2</size>
         <input_file_ref idref="fl-5"/>
      </object_component>
      <object_component id="oc-ae">
         <name>.bss</name>
         <uninitialized>true</uninitialized>
         <run_address>0xa69a</run_address>
         <size>0x4</size>
         <input_file_ref idref="fl-7"/>
      </object_component>
      <object_component id="oc-47b">
         <name>.bss</name>
         <uninitialized>true</uninitialized>
         <run_address>0xa6a0</run_address>
         <size>0x2</size>
         <input_file_ref idref="fl-32"/>
      </object_component>
      <object_component id="oc-a7">
         <name>.const:.string</name>
         <load_address>0xa000</load_address>
         <run_address>0xa000</run_address>
         <size>0x160</size>
         <input_file_ref idref="fl-5"/>
      </object_component>
      <object_component id="oc-304">
         <name>.const:.string</name>
         <load_address>0xa160</load_address>
         <run_address>0xa160</run_address>
         <size>0xcc</size>
         <input_file_ref idref="fl-2"/>
      </object_component>
      <object_component id="oc-432">
         <name>.const:.string</name>
         <load_address>0xa22c</load_address>
         <run_address>0xa22c</run_address>
         <size>0x97</size>
         <input_file_ref idref="fl-17"/>
      </object_component>
      <object_component id="oc-2a4">
         <name>.const:.string</name>
         <load_address>0xa2c4</load_address>
         <run_address>0xa2c4</run_address>
         <size>0x97</size>
         <input_file_ref idref="fl-1c"/>
      </object_component>
      <object_component id="oc-36b">
         <name>.const:.string</name>
         <load_address>0xa35c</load_address>
         <run_address>0xa35c</run_address>
         <size>0x94</size>
         <input_file_ref idref="fl-16"/>
      </object_component>
      <object_component id="oc-10d">
         <name>.const:.string</name>
         <load_address>0xa3f0</load_address>
         <run_address>0xa3f0</run_address>
         <size>0x94</size>
         <input_file_ref idref="fl-1b"/>
      </object_component>
      <object_component id="oc-4cf">
         <name>.const:.string</name>
         <load_address>0xa484</load_address>
         <run_address>0xa484</run_address>
         <size>0x4f</size>
         <input_file_ref idref="fl-15"/>
      </object_component>
      <object_component id="oc-43c">
         <name>.const:.string</name>
         <load_address>0xa4d4</load_address>
         <run_address>0xa4d4</run_address>
         <size>0x4d</size>
         <input_file_ref idref="fl-1a"/>
      </object_component>
      <object_component id="oc-447">
         <name>.const:.string</name>
         <load_address>0xa522</load_address>
         <run_address>0xa522</run_address>
         <size>0x4a</size>
         <input_file_ref idref="fl-13"/>
      </object_component>
      <object_component id="oc-9a">
         <name>.data</name>
         <load_address>0xa672</load_address>
         <run_address>0xa672</run_address>
         <size>0x4</size>
         <input_file_ref idref="fl-5"/>
      </object_component>
      <object_component id="oc-c0">
         <name>.data</name>
         <load_address>0xa680</load_address>
         <run_address>0xa680</run_address>
         <size>0x1a</size>
         <input_file_ref idref="fl-8"/>
      </object_component>
      <object_component id="oc-19e">
         <name>.data</name>
         <load_address>0xa66c</load_address>
         <run_address>0xa66c</run_address>
         <size>0x6</size>
         <input_file_ref idref="fl-2f"/>
      </object_component>
      <object_component id="oc-1a1">
         <name>.data:_lock</name>
         <load_address>0xa676</load_address>
         <run_address>0xa676</run_address>
         <size>0x2</size>
         <input_file_ref idref="fl-30"/>
      </object_component>
      <object_component id="oc-28a">
         <name>.data:_unlock</name>
         <load_address>0xa678</load_address>
         <run_address>0xa678</run_address>
         <size>0x2</size>
         <input_file_ref idref="fl-30"/>
      </object_component>
      <object_component id="oc-47e">
         <name>.data</name>
         <load_address>0xa67a</load_address>
         <run_address>0xa67a</run_address>
         <size>0x1</size>
         <input_file_ref idref="fl-32"/>
      </object_component>
      <object_component id="oc-7b">
         <name>.sysmem</name>
         <uninitialized>true</uninitialized>
         <run_address>0xa56c</run_address>
         <size>0x4</size>
         <input_file_ref idref="fl-32"/>
      </object_component>
      <object_component id="oc-51a">
         <name>.sysmem</name>
         <uninitialized>true</uninitialized>
         <run_address>0xa56c</run_address>
         <size>0x0</size>
      </object_component>
      <object_component id="oc-2e4">
         <name>Cla1Prog:Cla1Task1</name>
         <load_address>0xa800</load_address>
         <run_address>0xa800</run_address>
         <size>0xe</size>
         <input_file_ref idref="fl-4"/>
      </object_component>
      <object_component id="oc-435">
         <name>Cla1ToCpuMsgRAM</name>
         <uninitialized>true</uninitialized>
         <run_address>0x1480</run_address>
         <size>0x4</size>
         <input_file_ref idref="fl-5"/>
      </object_component>
      <object_component id="oc-15c">
         <name>.TI.ramfunc</name>
         <load_address>0x1b1</load_address>
         <run_address>0x1b1</run_address>
         <size>0x4</size>
         <input_file_ref idref="fl-1c"/>
      </object_component>
      <object_component id="oc-a4">
         <name>.debug_types</name>
         <load_address>0x0</load_address>
         <run_address>0x0</run_address>
         <size>0x2d83</size>
         <input_file_ref idref="fl-2"/>
      </object_component>
      <object_component id="oc-439">
         <name>.debug_types</name>
         <load_address>0x2d83</load_address>
         <run_address>0x2d83</run_address>
         <size>0xdd</size>
         <input_file_ref idref="fl-4"/>
      </object_component>
      <object_component id="oc-a6">
         <name>.debug_types</name>
         <load_address>0x2e60</load_address>
         <run_address>0x2e60</run_address>
         <size>0x442</size>
         <input_file_ref idref="fl-5"/>
      </object_component>
      <object_component id="oc-1d7">
         <name>.debug_types</name>
         <load_address>0x32a2</load_address>
         <run_address>0x32a2</run_address>
         <size>0x32</size>
         <input_file_ref idref="fl-6"/>
      </object_component>
      <object_component id="oc-105">
         <name>.debug_types</name>
         <load_address>0x0</load_address>
         <run_address>0x0</run_address>
         <size>0x0</size>
         <input_file_ref idref="fl-7"/>
      </object_component>
      <object_component id="oc-bf">
         <name>.debug_types</name>
         <load_address>0x32d4</load_address>
         <run_address>0x32d4</run_address>
         <size>0x201</size>
         <input_file_ref idref="fl-8"/>
      </object_component>
      <object_component id="oc-128">
         <name>.debug_types</name>
         <load_address>0x0</load_address>
         <run_address>0x0</run_address>
         <size>0x0</size>
         <input_file_ref idref="fl-b"/>
      </object_component>
      <object_component id="oc-102">
         <name>.debug_types</name>
         <load_address>0x34d5</load_address>
         <run_address>0x34d5</run_address>
         <size>0x1f94</size>
         <input_file_ref idref="fl-c"/>
      </object_component>
      <object_component id="oc-455">
         <name>.debug_types</name>
         <load_address>0x5469</load_address>
         <run_address>0x5469</run_address>
         <size>0x157</size>
         <input_file_ref idref="fl-13"/>
      </object_component>
      <object_component id="oc-43b">
         <name>.debug_types</name>
         <load_address>0x0</load_address>
         <run_address>0x0</run_address>
         <size>0x0</size>
         <input_file_ref idref="fl-14"/>
      </object_component>
      <object_component id="oc-4d1">
         <name>.debug_types</name>
         <load_address>0x0</load_address>
         <run_address>0x0</run_address>
         <size>0x0</size>
         <input_file_ref idref="fl-15"/>
      </object_component>
      <object_component id="oc-3c6">
         <name>.debug_types</name>
         <load_address>0x55c0</load_address>
         <run_address>0x55c0</run_address>
         <size>0xa2</size>
         <input_file_ref idref="fl-16"/>
      </object_component>
      <object_component id="oc-42b">
         <name>.debug_types</name>
         <load_address>0x5662</load_address>
         <run_address>0x5662</run_address>
         <size>0x2e8</size>
         <input_file_ref idref="fl-17"/>
      </object_component>
      <object_component id="oc-cc">
         <name>.debug_types</name>
         <load_address>0x0</load_address>
         <run_address>0x0</run_address>
         <size>0x0</size>
         <input_file_ref idref="fl-18"/>
      </object_component>
      <object_component id="oc-ce">
         <name>.debug_types</name>
         <load_address>0x594a</load_address>
         <run_address>0x594a</run_address>
         <size>0x1e3</size>
         <input_file_ref idref="fl-19"/>
      </object_component>
      <object_component id="oc-43e">
         <name>.debug_types</name>
         <load_address>0x5b2d</load_address>
         <run_address>0x5b2d</run_address>
         <size>0xfb</size>
         <input_file_ref idref="fl-1a"/>
      </object_component>
      <object_component id="oc-115">
         <name>.debug_types</name>
         <load_address>0x5c28</load_address>
         <run_address>0x5c28</run_address>
         <size>0x2f</size>
         <input_file_ref idref="fl-1b"/>
      </object_component>
      <object_component id="oc-2be">
         <name>.debug_types</name>
         <load_address>0x5c57</load_address>
         <run_address>0x5c57</run_address>
         <size>0x8b4</size>
         <input_file_ref idref="fl-1c"/>
      </object_component>
      <object_component id="oc-165">
         <name>.debug_types</name>
         <load_address>0x0</load_address>
         <run_address>0x0</run_address>
         <size>0x0</size>
         <input_file_ref idref="fl-2a"/>
      </object_component>
      <object_component id="oc-1b0">
         <name>.debug_types</name>
         <load_address>0x650b</load_address>
         <run_address>0x650b</run_address>
         <size>0x470</size>
         <input_file_ref idref="fl-2b"/>
      </object_component>
      <object_component id="oc-de">
         <name>.debug_types</name>
         <load_address>0x697b</load_address>
         <run_address>0x697b</run_address>
         <size>0x1f3</size>
         <input_file_ref idref="fl-2c"/>
      </object_component>
      <object_component id="oc-87">
         <name>.debug_types</name>
         <load_address>0x0</load_address>
         <run_address>0x0</run_address>
         <size>0x0</size>
         <input_file_ref idref="fl-2d"/>
      </object_component>
      <object_component id="oc-7f">
         <name>.debug_types</name>
         <load_address>0x6b6e</load_address>
         <run_address>0x6b6e</run_address>
         <size>0x191</size>
         <input_file_ref idref="fl-2e"/>
      </object_component>
      <object_component id="oc-1a5">
         <name>.debug_types</name>
         <load_address>0x6cff</load_address>
         <run_address>0x6cff</run_address>
         <size>0xbf</size>
         <input_file_ref idref="fl-2f"/>
      </object_component>
      <object_component id="oc-1e5">
         <name>.debug_types</name>
         <load_address>0x6dbe</load_address>
         <run_address>0x6dbe</run_address>
         <size>0x2f</size>
         <input_file_ref idref="fl-30"/>
      </object_component>
      <object_component id="oc-19d">
         <name>.debug_types</name>
         <load_address>0x6ded</load_address>
         <run_address>0x6ded</run_address>
         <size>0xe1</size>
         <input_file_ref idref="fl-31"/>
      </object_component>
      <object_component id="oc-d4">
         <name>.debug_types</name>
         <load_address>0x6ece</load_address>
         <run_address>0x6ece</run_address>
         <size>0x30b</size>
         <input_file_ref idref="fl-32"/>
      </object_component>
      <object_component id="oc-139">
         <name>.debug_types</name>
         <load_address>0x0</load_address>
         <run_address>0x0</run_address>
         <size>0x0</size>
         <input_file_ref idref="fl-33"/>
      </object_component>
      <object_component id="oc-d9">
         <name>.debug_types</name>
         <load_address>0x71d9</load_address>
         <run_address>0x71d9</run_address>
         <size>0x5a</size>
         <input_file_ref idref="fl-35"/>
      </object_component>
      <object_component id="oc-1ea">
         <name>.debug_types</name>
         <load_address>0x0</load_address>
         <run_address>0x0</run_address>
         <size>0x0</size>
         <input_file_ref idref="fl-36"/>
      </object_component>
      <object_component id="oc-247">
         <name>.debug_info</name>
         <load_address>0x0</load_address>
         <run_address>0x0</run_address>
         <size>0x297</size>
         <input_file_ref idref="fl-2"/>
      </object_component>
      <object_component id="oc-31a">
         <name>.debug_info</name>
         <load_address>0x297</load_address>
         <run_address>0x297</run_address>
         <size>0x304</size>
         <input_file_ref idref="fl-2"/>
      </object_component>
      <object_component id="oc-313">
         <name>.debug_info</name>
         <load_address>0x59b</load_address>
         <run_address>0x59b</run_address>
         <size>0x2cd</size>
         <input_file_ref idref="fl-2"/>
      </object_component>
      <object_component id="oc-30d">
         <name>.debug_info</name>
         <load_address>0x868</load_address>
         <run_address>0x868</run_address>
         <size>0x26d</size>
         <input_file_ref idref="fl-2"/>
      </object_component>
      <object_component id="oc-229">
         <name>.debug_info</name>
         <load_address>0xad5</load_address>
         <run_address>0xad5</run_address>
         <size>0x19a</size>
         <input_file_ref idref="fl-2"/>
      </object_component>
      <object_component id="oc-327">
         <name>.debug_info</name>
         <load_address>0xc6f</load_address>
         <run_address>0xc6f</run_address>
         <size>0x191</size>
         <input_file_ref idref="fl-2"/>
      </object_component>
      <object_component id="oc-235">
         <name>.debug_info</name>
         <load_address>0xe00</load_address>
         <run_address>0xe00</run_address>
         <size>0x470</size>
         <input_file_ref idref="fl-2"/>
      </object_component>
      <object_component id="oc-320">
         <name>.debug_info</name>
         <load_address>0x1270</load_address>
         <run_address>0x1270</run_address>
         <size>0x179</size>
         <input_file_ref idref="fl-2"/>
      </object_component>
      <object_component id="oc-223">
         <name>.debug_info</name>
         <load_address>0x13e9</load_address>
         <run_address>0x13e9</run_address>
         <size>0x1d6</size>
         <input_file_ref idref="fl-2"/>
      </object_component>
      <object_component id="oc-22f">
         <name>.debug_info</name>
         <load_address>0x15bf</load_address>
         <run_address>0x15bf</run_address>
         <size>0x7ac</size>
         <input_file_ref idref="fl-2"/>
      </object_component>
      <object_component id="oc-3a">
         <name>.debug_info</name>
         <load_address>0x1d6b</load_address>
         <run_address>0x1d6b</run_address>
         <size>0x242</size>
         <input_file_ref idref="fl-2"/>
      </object_component>
      <object_component id="oc-241">
         <name>.debug_info</name>
         <load_address>0x1fad</load_address>
         <run_address>0x1fad</run_address>
         <size>0x136</size>
         <input_file_ref idref="fl-2"/>
      </object_component>
      <object_component id="oc-23b">
         <name>.debug_info</name>
         <load_address>0x20e3</load_address>
         <run_address>0x20e3</run_address>
         <size>0x154</size>
         <input_file_ref idref="fl-2"/>
      </object_component>
      <object_component id="oc-1cb">
         <name>.debug_info</name>
         <load_address>0x2237</load_address>
         <run_address>0x2237</run_address>
         <size>0x18e</size>
         <input_file_ref idref="fl-2"/>
      </object_component>
      <object_component id="oc-2e6">
         <name>.debug_info</name>
         <load_address>0x23c5</load_address>
         <run_address>0x23c5</run_address>
         <size>0x12f</size>
         <input_file_ref idref="fl-4"/>
      </object_component>
      <object_component id="oc-9b">
         <name>.debug_info</name>
         <load_address>0x24f4</load_address>
         <run_address>0x24f4</run_address>
         <size>0x140</size>
         <input_file_ref idref="fl-5"/>
      </object_component>
      <object_component id="oc-284">
         <name>.debug_info</name>
         <load_address>0x2634</load_address>
         <run_address>0x2634</run_address>
         <size>0xe6</size>
         <input_file_ref idref="fl-5"/>
      </object_component>
      <object_component id="oc-436">
         <name>.debug_info</name>
         <load_address>0x271a</load_address>
         <run_address>0x271a</run_address>
         <size>0x11a</size>
         <input_file_ref idref="fl-5"/>
      </object_component>
      <object_component id="oc-25b">
         <name>.debug_info</name>
         <load_address>0x2834</load_address>
         <run_address>0x2834</run_address>
         <size>0x150</size>
         <input_file_ref idref="fl-5"/>
      </object_component>
      <object_component id="oc-261">
         <name>.debug_info</name>
         <load_address>0x2984</load_address>
         <run_address>0x2984</run_address>
         <size>0x177</size>
         <input_file_ref idref="fl-5"/>
      </object_component>
      <object_component id="oc-267">
         <name>.debug_info</name>
         <load_address>0x2afb</load_address>
         <run_address>0x2afb</run_address>
         <size>0x14c</size>
         <input_file_ref idref="fl-5"/>
      </object_component>
      <object_component id="oc-27e">
         <name>.debug_info</name>
         <load_address>0x2c47</load_address>
         <run_address>0x2c47</run_address>
         <size>0x128</size>
         <input_file_ref idref="fl-5"/>
      </object_component>
      <object_component id="oc-26c">
         <name>.debug_info</name>
         <load_address>0x2d6f</load_address>
         <run_address>0x2d6f</run_address>
         <size>0x146</size>
         <input_file_ref idref="fl-5"/>
      </object_component>
      <object_component id="oc-254">
         <name>.debug_info</name>
         <load_address>0x2eb5</load_address>
         <run_address>0x2eb5</run_address>
         <size>0x14a</size>
         <input_file_ref idref="fl-5"/>
      </object_component>
      <object_component id="oc-3f">
         <name>.debug_info</name>
         <load_address>0x2fff</load_address>
         <run_address>0x2fff</run_address>
         <size>0x15f</size>
         <input_file_ref idref="fl-5"/>
      </object_component>
      <object_component id="oc-1d1">
         <name>.debug_info</name>
         <load_address>0x315e</load_address>
         <run_address>0x315e</run_address>
         <size>0x37a</size>
         <input_file_ref idref="fl-5"/>
      </object_component>
      <object_component id="oc-45">
         <name>.debug_info</name>
         <load_address>0x34d8</load_address>
         <run_address>0x34d8</run_address>
         <size>0x179</size>
         <input_file_ref idref="fl-5"/>
      </object_component>
      <object_component id="oc-198">
         <name>.debug_info</name>
         <load_address>0x3651</load_address>
         <run_address>0x3651</run_address>
         <size>0x16c</size>
         <input_file_ref idref="fl-6"/>
      </object_component>
      <object_component id="oc-af">
         <name>.debug_info</name>
         <load_address>0x37bd</load_address>
         <run_address>0x37bd</run_address>
         <size>0xe6</size>
         <input_file_ref idref="fl-7"/>
      </object_component>
      <object_component id="oc-b3">
         <name>.debug_info</name>
         <load_address>0x38a3</load_address>
         <run_address>0x38a3</run_address>
         <size>0x181</size>
         <input_file_ref idref="fl-7"/>
      </object_component>
      <object_component id="oc-27b">
         <name>.debug_info</name>
         <load_address>0x3a24</load_address>
         <run_address>0x3a24</run_address>
         <size>0x16a</size>
         <input_file_ref idref="fl-7"/>
      </object_component>
      <object_component id="oc-24f">
         <name>.debug_info</name>
         <load_address>0x3b8e</load_address>
         <run_address>0x3b8e</run_address>
         <size>0x14e</size>
         <input_file_ref idref="fl-7"/>
      </object_component>
      <object_component id="oc-c1">
         <name>.debug_info</name>
         <load_address>0x3cdc</load_address>
         <run_address>0x3cdc</run_address>
         <size>0x122</size>
         <input_file_ref idref="fl-8"/>
      </object_component>
      <object_component id="oc-343">
         <name>.debug_info</name>
         <load_address>0x3dfe</load_address>
         <run_address>0x3dfe</run_address>
         <size>0x1e3</size>
         <input_file_ref idref="fl-8"/>
      </object_component>
      <object_component id="oc-4e">
         <name>.debug_info</name>
         <load_address>0x3fe1</load_address>
         <run_address>0x3fe1</run_address>
         <size>0x132</size>
         <input_file_ref idref="fl-8"/>
      </object_component>
      <object_component id="oc-54">
         <name>.debug_info</name>
         <load_address>0x4113</load_address>
         <run_address>0x4113</run_address>
         <size>0x214</size>
         <input_file_ref idref="fl-8"/>
      </object_component>
      <object_component id="oc-59">
         <name>.debug_info</name>
         <load_address>0x4327</load_address>
         <run_address>0x4327</run_address>
         <size>0x148</size>
         <input_file_ref idref="fl-8"/>
      </object_component>
      <object_component id="oc-11d">
         <name>.debug_info</name>
         <load_address>0x446f</load_address>
         <run_address>0x446f</run_address>
         <size>0x13a</size>
         <input_file_ref idref="fl-b"/>
      </object_component>
      <object_component id="oc-124">
         <name>.debug_info</name>
         <load_address>0x45a9</load_address>
         <run_address>0x45a9</run_address>
         <size>0x1aa</size>
         <input_file_ref idref="fl-b"/>
      </object_component>
      <object_component id="oc-c7">
         <name>.debug_info</name>
         <load_address>0x4753</load_address>
         <run_address>0x4753</run_address>
         <size>0x158</size>
         <input_file_ref idref="fl-b"/>
      </object_component>
      <object_component id="oc-ab">
         <name>.debug_info</name>
         <load_address>0x48ab</load_address>
         <run_address>0x48ab</run_address>
         <size>0x138</size>
         <input_file_ref idref="fl-c"/>
      </object_component>
      <object_component id="oc-29a">
         <name>.debug_info</name>
         <load_address>0x49e3</load_address>
         <run_address>0x49e3</run_address>
         <size>0x1b6</size>
         <input_file_ref idref="fl-c"/>
      </object_component>
      <object_component id="oc-1f4">
         <name>.debug_info</name>
         <load_address>0x4b99</load_address>
         <run_address>0x4b99</run_address>
         <size>0x189</size>
         <input_file_ref idref="fl-c"/>
      </object_component>
      <object_component id="oc-427">
         <name>.debug_info</name>
         <load_address>0x4d22</load_address>
         <run_address>0x4d22</run_address>
         <size>0x154</size>
         <input_file_ref idref="fl-c"/>
      </object_component>
      <object_component id="oc-2ce">
         <name>.debug_info</name>
         <load_address>0x4e76</load_address>
         <run_address>0x4e76</run_address>
         <size>0x171</size>
         <input_file_ref idref="fl-c"/>
      </object_component>
      <object_component id="oc-21e">
         <name>.debug_info</name>
         <load_address>0x4fe7</load_address>
         <run_address>0x4fe7</run_address>
         <size>0x1d0</size>
         <input_file_ref idref="fl-c"/>
      </object_component>
      <object_component id="oc-218">
         <name>.debug_info</name>
         <load_address>0x51b7</load_address>
         <run_address>0x51b7</run_address>
         <size>0xbde</size>
         <input_file_ref idref="fl-c"/>
      </object_component>
      <object_component id="oc-1c2">
         <name>.debug_info</name>
         <load_address>0x5d95</load_address>
         <run_address>0x5d95</run_address>
         <size>0x246</size>
         <input_file_ref idref="fl-c"/>
      </object_component>
      <object_component id="oc-34">
         <name>.debug_info</name>
         <load_address>0x5fdb</load_address>
         <run_address>0x5fdb</run_address>
         <size>0x10f</size>
         <input_file_ref idref="fl-d"/>
      </object_component>
      <object_component id="oc-97">
         <name>.debug_info</name>
         <load_address>0x60ea</load_address>
         <run_address>0x60ea</run_address>
         <size>0x110</size>
         <input_file_ref idref="fl-d"/>
      </object_component>
      <object_component id="oc-442">
         <name>.debug_info</name>
         <load_address>0x61fa</load_address>
         <run_address>0x61fa</run_address>
         <size>0x1c9</size>
         <input_file_ref idref="fl-13"/>
      </object_component>
      <object_component id="oc-306">
         <name>.debug_info</name>
         <load_address>0x63c3</load_address>
         <run_address>0x63c3</run_address>
         <size>0x26f</size>
         <input_file_ref idref="fl-13"/>
      </object_component>
      <object_component id="oc-449">
         <name>.debug_info</name>
         <load_address>0x6632</load_address>
         <run_address>0x6632</run_address>
         <size>0x221</size>
         <input_file_ref idref="fl-13"/>
      </object_component>
      <object_component id="oc-44f">
         <name>.debug_info</name>
         <load_address>0x6853</load_address>
         <run_address>0x6853</run_address>
         <size>0x244</size>
         <input_file_ref idref="fl-13"/>
      </object_component>
      <object_component id="oc-2eb">
         <name>.debug_info</name>
         <load_address>0x6a97</load_address>
         <run_address>0x6a97</run_address>
         <size>0x227</size>
         <input_file_ref idref="fl-14"/>
      </object_component>
      <object_component id="oc-4cd">
         <name>.debug_info</name>
         <load_address>0x6cbe</load_address>
         <run_address>0x6cbe</run_address>
         <size>0x1db</size>
         <input_file_ref idref="fl-15"/>
      </object_component>
      <object_component id="oc-459">
         <name>.debug_info</name>
         <load_address>0x6e99</load_address>
         <run_address>0x6e99</run_address>
         <size>0x227</size>
         <input_file_ref idref="fl-15"/>
      </object_component>
      <object_component id="oc-367">
         <name>.debug_info</name>
         <load_address>0x70c0</load_address>
         <run_address>0x70c0</run_address>
         <size>0x1c7</size>
         <input_file_ref idref="fl-16"/>
      </object_component>
      <object_component id="oc-3b4">
         <name>.debug_info</name>
         <load_address>0x7287</load_address>
         <run_address>0x7287</run_address>
         <size>0x1e5</size>
         <input_file_ref idref="fl-16"/>
      </object_component>
      <object_component id="oc-37f">
         <name>.debug_info</name>
         <load_address>0x746c</load_address>
         <run_address>0x746c</run_address>
         <size>0x1e7</size>
         <input_file_ref idref="fl-16"/>
      </object_component>
      <object_component id="oc-3a8">
         <name>.debug_info</name>
         <load_address>0x7653</load_address>
         <run_address>0x7653</run_address>
         <size>0x1f0</size>
         <input_file_ref idref="fl-16"/>
      </object_component>
      <object_component id="oc-3ae">
         <name>.debug_info</name>
         <load_address>0x7843</load_address>
         <run_address>0x7843</run_address>
         <size>0x1ef</size>
         <input_file_ref idref="fl-16"/>
      </object_component>
      <object_component id="oc-384">
         <name>.debug_info</name>
         <load_address>0x7a32</load_address>
         <run_address>0x7a32</run_address>
         <size>0x1f3</size>
         <input_file_ref idref="fl-16"/>
      </object_component>
      <object_component id="oc-38a">
         <name>.debug_info</name>
         <load_address>0x7c25</load_address>
         <run_address>0x7c25</run_address>
         <size>0x1f1</size>
         <input_file_ref idref="fl-16"/>
      </object_component>
      <object_component id="oc-3a2">
         <name>.debug_info</name>
         <load_address>0x7e16</load_address>
         <run_address>0x7e16</run_address>
         <size>0x218</size>
         <input_file_ref idref="fl-16"/>
      </object_component>
      <object_component id="oc-3c0">
         <name>.debug_info</name>
         <load_address>0x802e</load_address>
         <run_address>0x802e</run_address>
         <size>0x1f3</size>
         <input_file_ref idref="fl-16"/>
      </object_component>
      <object_component id="oc-3ba">
         <name>.debug_info</name>
         <load_address>0x8221</load_address>
         <run_address>0x8221</run_address>
         <size>0x1fd</size>
         <input_file_ref idref="fl-16"/>
      </object_component>
      <object_component id="oc-372">
         <name>.debug_info</name>
         <load_address>0x841e</load_address>
         <run_address>0x841e</run_address>
         <size>0x1eb</size>
         <input_file_ref idref="fl-16"/>
      </object_component>
      <object_component id="oc-378">
         <name>.debug_info</name>
         <load_address>0x8609</load_address>
         <run_address>0x8609</run_address>
         <size>0x1e9</size>
         <input_file_ref idref="fl-16"/>
      </object_component>
      <object_component id="oc-396">
         <name>.debug_info</name>
         <load_address>0x87f2</load_address>
         <run_address>0x87f2</run_address>
         <size>0x21c</size>
         <input_file_ref idref="fl-16"/>
      </object_component>
      <object_component id="oc-390">
         <name>.debug_info</name>
         <load_address>0x8a0e</load_address>
         <run_address>0x8a0e</run_address>
         <size>0x21c</size>
         <input_file_ref idref="fl-16"/>
      </object_component>
      <object_component id="oc-39c">
         <name>.debug_info</name>
         <load_address>0x8c2a</load_address>
         <run_address>0x8c2a</run_address>
         <size>0x28b</size>
         <input_file_ref idref="fl-16"/>
      </object_component>
      <object_component id="oc-29e">
         <name>.debug_info</name>
         <load_address>0x8eb5</load_address>
         <run_address>0x8eb5</run_address>
         <size>0x576</size>
         <input_file_ref idref="fl-16"/>
      </object_component>
      <object_component id="oc-42d">
         <name>.debug_info</name>
         <load_address>0x942b</load_address>
         <run_address>0x942b</run_address>
         <size>0x1c7</size>
         <input_file_ref idref="fl-17"/>
      </object_component>
      <object_component id="oc-460">
         <name>.debug_info</name>
         <load_address>0x95f2</load_address>
         <run_address>0x95f2</run_address>
         <size>0x23f</size>
         <input_file_ref idref="fl-17"/>
      </object_component>
      <object_component id="oc-2d8">
         <name>.debug_info</name>
         <load_address>0x9831</load_address>
         <run_address>0x9831</run_address>
         <size>0x228</size>
         <input_file_ref idref="fl-17"/>
      </object_component>
      <object_component id="oc-2de">
         <name>.debug_info</name>
         <load_address>0x9a59</load_address>
         <run_address>0x9a59</run_address>
         <size>0x26f</size>
         <input_file_ref idref="fl-17"/>
      </object_component>
      <object_component id="oc-468">
         <name>.debug_info</name>
         <load_address>0x9cc8</load_address>
         <run_address>0x9cc8</run_address>
         <size>0x258</size>
         <input_file_ref idref="fl-17"/>
      </object_component>
      <object_component id="oc-2d3">
         <name>.debug_info</name>
         <load_address>0x9f20</load_address>
         <run_address>0x9f20</run_address>
         <size>0x211</size>
         <input_file_ref idref="fl-17"/>
      </object_component>
      <object_component id="oc-f5">
         <name>.debug_info</name>
         <load_address>0xa131</load_address>
         <run_address>0xa131</run_address>
         <size>0x1c0</size>
         <input_file_ref idref="fl-18"/>
      </object_component>
      <object_component id="oc-ef">
         <name>.debug_info</name>
         <load_address>0xa2f1</load_address>
         <run_address>0xa2f1</run_address>
         <size>0x1c2</size>
         <input_file_ref idref="fl-18"/>
[...]
      </symbol>
      <symbol id="sm-dd">
         <name>INTERRUPT_init</name>
         <value>0x9c56</value>
         <object_component_ref idref="oc-39"/>
      </symbol>
      <symbol id="sm-de">
         <name>PinMux_init</name>
         <value>0x9f5e</value>
         <object_component_ref idref="oc-222"/>
      </symbol>
      <symbol id="sm-df">
         <name>SCI_init</name>
         <value>0x9478</value>
         <object_component_ref idref="oc-246"/>
      </symbol>
      <symbol id="sm-e0">
         <name>Board_init</name>
         <value>0xb30e</value>
         <object_component_ref idref="oc-1ca"/>
      </symbol>
      <symbol id="sm-e1">
         <name>MEMCFG_init</name>
         <value>0x1b5</value>
         <object_component_ref idref="oc-22e"/>
      </symbol>
      <symbol id="sm-e2">
         <name>GPIO_init</name>
         <value>0xb483</value>
         <object_component_ref idref="oc-240"/>
      </symbol>
      <symbol id="sm-e3">
         <name>myBoardLED0_GPIO_init</name>
         <value>0xb2fa</value>
         <object_component_ref idref="oc-325"/>
      </symbol>
      <symbol id="sm-e4">
         <name>ADC_init</name>
         <value>0xc53a</value>
         <object_component_ref idref="oc-234"/>
      </symbol>
      <symbol id="sm-e5">
         <name>myADC0_init</name>
         <value>0xc53a</value>
         <object_component_ref idref="oc-234"/>
      </symbol>
      <symbol id="sm-e6">
         <name>STEP_init</name>
         <value>0xb2e6</value>
         <object_component_ref idref="oc-31f"/>
      </symbol>
      <symbol id="sm-e7">
         <name>CLA_init</name>
         <value>0xb0f3</value>
         <object_component_ref idref="oc-228"/>
      </symbol>
      <symbol id="sm-e8">
         <name>mySCI0_init</name>
         <value>0x9478</value>
         <object_component_ref idref="oc-246"/>
      </symbol>
      <symbol id="sm-e9">
         <name>CPUTIMER_init</name>
         <value>0xc7f9</value>
         <object_component_ref idref="oc-23a"/>
      </symbol>
      <symbol id="sm-ea">
         <name>myCLA0_init</name>
         <value>0xb0f3</value>
         <object_component_ref idref="oc-228"/>
      </symbol>
      <symbol id="sm-eb">
         <name>myCPUTIMER1_init</name>
         <value>0x952c</value>
         <object_component_ref idref="oc-312"/>
      </symbol>
      <symbol id="sm-ec">
         <name>myCPUTIMER0_init</name>
         <value>0x9987</value>
         <object_component_ref idref="oc-30c"/>
      </symbol>
      <symbol id="sm-ed">
         <name>myCPUTIMER2_init</name>
         <value>0x92fb</value>
         <object_component_ref idref="oc-318"/>
      </symbol>
      <symbol id="sm-fc">
         <name>Cla1Task1</name>
         <value>0xa800</value>
         <object_component_ref idref="oc-2e4"/>
      </symbol>
      <symbol id="sm-184">
         <name>INT_mySCI0_RX_ISR</name>
         <value>0x9a31</value>
         <object_component_ref idref="oc-44"/>
      </symbol>
      <symbol id="sm-185">
         <name>receivedChar</name>
         <value>0xa672</value>
         <object_component_ref idref="oc-9a"/>
      </symbol>
      <symbol id="sm-186">
         <name>run_init_state</name>
         <value>0xb48c</value>
         <object_component_ref idref="oc-27d"/>
      </symbol>
      <symbol id="sm-187">
         <name>run_pressure_state</name>
         <value>0xb44d</value>
         <object_component_ref idref="oc-259"/>
      </symbol>
      <symbol id="sm-188">
         <name>run_error_state</name>
         <value>0xb47d</value>
         <object_component_ref idref="oc-253"/>
      </symbol>
      <symbol id="sm-189">
         <name>newCommand</name>
         <value>0xa673</value>
         <object_component_ref idref="oc-9a"/>
      </symbol>
      <symbol id="sm-18a">
         <name>run_operate_state</name>
         <value>0xb36c</value>
         <object_component_ref idref="oc-265"/>
      </symbol>
      <symbol id="sm-18b">
         <name>run_idle_state</name>
         <value>0xb3c9</value>
         <object_component_ref idref="oc-26b"/>
      </symbol>
      <symbol id="sm-18c">
         <name>filter_out</name>
         <value>0x1480</value>
         <object_component_ref idref="oc-435"/>
      </symbol>
      <symbol id="sm-18d">
         <name>msg</name>
         <value>0xa69e</value>
         <object_component_ref idref="oc-283"/>
      </symbol>
      <symbol id="sm-18e">
         <name>filter_in</name>
         <value>0x1482</value>
         <object_component_ref idref="oc-435"/>
      </symbol>
      <symbol id="sm-18f">
         <name>System_main</name>
         <value>0xc656</value>
         <object_component_ref idref="oc-1d0"/>
      </symbol>
      <symbol id="sm-190">
         <name>LedCtr</name>
         <value>0xa674</value>
         <object_component_ref idref="oc-9a"/>
      </symbol>
      <symbol id="sm-191">
         <name>run_position_state</name>
         <value>0xa72f</value>
         <object_component_ref idref="oc-25f"/>
      </symbol>
      <symbol id="sm-192">
         <name>cla1Isr1</name>
         <value>0x9d09</value>
         <object_component_ref idref="oc-38"/>
      </symbol>
      <symbol id="sm-1a0">
         <name>main</name>
         <value>0xb3bb</value>
         <object_component_ref idref="oc-196"/>
      </symbol>
      <symbol id="sm-1c4">
         <name>rb</name>
         <value>0xa69a</value>
         <object_component_ref idref="oc-ae"/>
      </symbol>
      <symbol id="sm-1c5">
         <name>ringbuffer_read</name>
         <value>0xb37e</value>
         <object_component_ref idref="oc-277"/>
      </symbol>
      <symbol id="sm-1c6">
         <name>ringbuffer_write</name>
         <value>0xb35a</value>
         <object_component_ref idref="oc-b1"/>
      </symbol>
      <symbol id="sm-1c7">
         <name>ringbuffer_init</name>
         <value>0xb40b</value>
         <object_component_ref idref="oc-24d"/>
      </symbol>
      <symbol id="sm-1f9">
         <name>INT_myCPUTIMER2_ISR</name>
         <value>0xb3d7</value>
         <object_component_ref idref="oc-4a"/>
      </symbol>
      <symbol id="sm-1fa">
         <name>g_traj</name>
         <value>0xa682</value>
         <object_component_ref idref="oc-c0"/>
      </symbol>
      <symbol id="sm-1fb">
         <name>INT_myCPUTIMER0_ISR</name>
         <value>0x9e84</value>
         <object_component_ref idref="oc-56"/>
      </symbol>
      <symbol id="sm-1fc">
         <name>INT_myCPUTIMER1_ISR</name>
         <value>0x93be</value>
         <object_component_ref idref="oc-50"/>
      </symbol>
      <symbol id="sm-1fd">
         <name>moveMotorTo</name>
         <value>0x9800</value>
         <object_component_ref idref="oc-342"/>
      </symbol>
      <symbol id="sm-1fe">
         <name>test_timer1_val</name>
         <value>0xa680</value>
         <object_component_ref idref="oc-c0"/>
      </symbol>
      <symbol id="sm-21e">
         <name>motor_is_ready</name>
         <value>0xb488</value>
         <object_component_ref idref="oc-11b"/>
      </symbol>
      <symbol id="sm-21f">
         <name>One_Step</name>
         <value>0x9fd2</value>
         <object_component_ref idref="oc-121"/>
      </symbol>
      <symbol id="sm-220">
         <name>motor_step_event</name>
         <value>0xb46f</value>
         <object_component_ref idref="oc-c4"/>
      </symbol>
      <symbol id="sm-265">
         <name>Device_enableAllPeripherals</name>
         <value>0xc298</value>
         <object_component_ref idref="oc-214"/>
      </symbol>
      <symbol id="sm-266">
         <name>Device_verifyXTAL</name>
         <value>0xb039</value>
         <object_component_ref idref="oc-1f0"/>
      </symbol>
      <symbol id="sm-267">
         <name>Device_initGPIO</name>
         <value>0x9e1e</value>
         <object_component_ref idref="oc-21a"/>
      </symbol>
      <symbol id="sm-268">
         <name>Device_init</name>
         <value>0x95cf</value>
         <object_component_ref idref="oc-1be"/>
      </symbol>
      <symbol id="sm-269">
         <name>Device_enableUnbondedGPIOPullups</name>
         <value>0xb423</value>
         <object_component_ref idref="oc-2ca"/>
      </symbol>
      <symbol id="sm-26a">
         <name>__error__</name>
         <value>0x97fd</value>
         <object_component_ref idref="oc-a8"/>
      </symbol>
      <symbol id="sm-26b">
         <name>Device_enableUnbondedGPIOPullupsFor176Pin</name>
         <value>0xb334</value>
         <object_component_ref idref="oc-423"/>
      </symbol>
      <symbol id="sm-27a">
         <name>code_start</name>
         <value>0x0</value>
         <object_component_ref idref="oc-32"/>
      </symbol>
      <symbol id="sm-2be">
         <name>ADC_setOffsetTrim</name>
         <value>0x992a</value>
         <object_component_ref idref="oc-44e"/>
      </symbol>
      <symbol id="sm-2bf">
         <name>ADC_setMode</name>
         <value>0x9f36</value>
         <object_component_ref idref="oc-305"/>
      </symbol>
      <symbol id="sm-2c0">
         <name>ADC_setINLTrim</name>
         <value>0x9730</value>
         <object_component_ref idref="oc-448"/>
      </symbol>
      <symbol id="sm-2cf">
         <name>CLA_setTriggerSource</name>
         <value>0x9f86</value>
         <object_component_ref idref="oc-2ea"/>
      </symbol>
      <symbol id="sm-2e9">
         <name>CPUTimer_setEmulationMode</name>
         <value>0xb321</value>
         <object_component_ref idref="oc-456"/>
      </symbol>
      <symbol id="sm-394">
         <name>DCC_verifyClockFrequency</name>
         <value>0x9230</value>
         <object_component_ref idref="oc-29d"/>
      </symbol>
      <symbol id="sm-3d6">
         <name>GPIO_setQualificationMode</name>
         <value>0x9db0</value>
         <object_component_ref idref="oc-2dd"/>
      </symbol>
      <symbol id="sm-3d7">
         <name>GPIO_setPadConfig</name>
         <value>0x99df</value>
         <object_component_ref idref="oc-2d7"/>
      </symbol>
      <symbol id="sm-3d8">
         <name>GPIO_setDirectionMode</name>
         <value>0x9e53</value>
         <object_component_ref idref="oc-45f"/>
      </symbol>
      <symbol id="sm-3d9">
         <name>GPIO_setPinConfig</name>
         <value>0x9d79</value>
         <object_component_ref idref="oc-2d1"/>
      </symbol>
      <symbol id="sm-3da">
         <name>GPIO_setControllerCore</name>
         <value>0x9d42</value>
         <object_component_ref idref="oc-465"/>
      </symbol>
      <symbol id="sm-429">
         <name>Interrupt_defaultHandler</name>
         <value>0xb1c5</value>
         <object_component_ref idref="oc-5c"/>
      </symbol>
      <symbol id="sm-42a">
         <name>Interrupt_initModule</name>
         <value>0x9c93</value>
         <object_component_ref idref="oc-1c4"/>
      </symbol>
      <symbol id="sm-42b">
         <name>Interrupt_nmiHandler</name>
         <value>0xb443</value>
         <object_component_ref idref="oc-74"/>
      </symbol>
      <symbol id="sm-42c">
         <name>Interrupt_enable</name>
         <value>0x9de7</value>
         <object_component_ref idref="oc-9d"/>
      </symbol>
      <symbol id="sm-42d">
         <name>Interrupt_initVectorTable</name>
         <value>0xa7c6</value>
         <object_component_ref idref="oc-5d"/>
      </symbol>
      <symbol id="sm-42e">
         <name>Interrupt_illegalOperationHandler</name>
         <value>0xb439</value>
         <object_component_ref idref="oc-6e"/>
      </symbol>
      <symbol id="sm-467">
         <name>MemCfg_setGSRAMControllerSel</name>
         <value>0x9fac</value>
         <object_component_ref idref="oc-2f7"/>
      </symbol>
      <symbol id="sm-468">
         <name>MemCfg_setLSRAMControllerSel</name>
         <value>0x9cd0</value>
         <object_component_ref idref="oc-2f1"/>
      </symbol>
      <symbol id="sm-469">
         <name>MemCfg_setProtection</name>
         <value>0x356</value>
         <object_component_ref idref="oc-2fd"/>
      </symbol>
      <symbol id="sm-4e7">
         <name>SCI_clearInterruptStatus</name>
         <value>0x9b0e</value>
         <object_component_ref idref="oc-b7"/>
      </symbol>
      <symbol id="sm-4e8">
         <name>SCI_writeCharArray</name>
         <value>0x9b97</value>
         <object_component_ref idref="oc-271"/>
      </symbol>
      <symbol id="sm-4e9">
         <name>SCI_setConfig</name>
         <value>0x9c18</value>
         <object_component_ref idref="oc-32c"/>
      </symbol>
      <symbol id="sm-4ea">
         <name>SCI_enableInterrupt</name>
         <value>0x9b53</value>
         <object_component_ref idref="oc-332"/>
      </symbol>
      <symbol id="sm-631">
         <name>SysCtl_isPLLValid</name>
         <value>0x9000</value>
         <object_component_ref idref="oc-2b7"/>
      </symbol>
      <symbol id="sm-632">
         <name>SysCtl_delay</name>
         <value>0x1b1</value>
         <object_component_ref idref="oc-15c"/>
      </symbol>
      <symbol id="sm-633">
         <name>SysCtl_getAuxClock</name>
         <value>0x979c</value>
         <object_component_ref idref="oc-20e"/>
      </symbol>
      <symbol id="sm-634">
         <name>SysCtl_selectXTALSingleEnded</name>
         <value>0xa6a2</value>
         <object_component_ref idref="oc-3ce"/>
      </symbol>
      <symbol id="sm-635">
         <name>SysCtl_selectXTAL</name>
         <value>0x9bd8</value>
         <object_component_ref idref="oc-3c8"/>
      </symbol>
      <symbol id="sm-636">
         <name>SysCtl_selectOscSource</name>
         <value>0x9ac7</value>
         <object_component_ref idref="oc-2ab"/>
      </symbol>
      <symbol id="sm-637">
         <name>SysCtl_getLowSpeedClock</name>
         <value>0xb0d9</value>
         <object_component_ref idref="oc-208"/>
      </symbol>
      <symbol id="sm-638">
         <name>SysCtl_setClock</name>
         <value>0xc3ff</value>
         <object_component_ref idref="oc-1f6"/>
      </symbol>
      <symbol id="sm-639">
         <name>SysCtl_getClock</name>
         <value>0x986c</value>
         <object_component_ref idref="oc-202"/>
      </symbol>
      <symbol id="sm-63a">
         <name>SysCtl_selectOscSourceAuxPLL</name>
         <value>0x98cc</value>
         <object_component_ref idref="oc-2bf"/>
      </symbol>
      <symbol id="sm-63b">
         <name>SysCtl_setAuxClock</name>
         <value>0x9118</value>
         <object_component_ref idref="oc-1fc"/>
      </symbol>
      <symbol id="sm-645">
         <name>_c_int00</name>
         <value>0xb10c</value>
         <object_component_ref idref="oc-e6"/>
      </symbol>
      <symbol id="sm-646">
         <name>__stack</name>
         <value>0x400</value>
         <object_component_ref idref="oc-7a"/>
      </symbol>
      <symbol id="sm-653">
         <name>__c28xabi_divf</name>
         <value>0xc771</value>
         <object_component_ref idref="oc-36c"/>
      </symbol>
      <symbol id="sm-660">
         <name>_system_pre_init</name>
         <value>0xb48a</value>
         <object_component_ref idref="oc-13a"/>
      </symbol>
      <symbol id="sm-66f">
         <name>__TI_auto_init_nobinit_nopinit</name>
         <value>0x9ee2</value>
         <object_component_ref idref="oc-166"/>
      </symbol>
      <symbol id="sm-67e">
         <name>__TI_zero_init_nomemset</name>
         <value>0xb3fe</value>
         <object_component_ref idref="oc-88"/>
      </symbol>
      <symbol id="sm-68b">
         <name>__TI_decompress_none</name>
         <value>0x9ff8</value>
         <object_component_ref idref="oc-2b"/>
      </symbol>
      <symbol id="sm-69f">
         <name>__TI_decompress_lzss</name>
         <value>0x9eb4</value>
         <object_component_ref idref="oc-25"/>
      </symbol>
      <symbol id="sm-6b5">
         <name>C$$EXIT</name>
         <value>0x9f0d</value>
         <object_component_ref idref="oc-147"/>
      </symbol>
      <symbol id="sm-6b6">
         <name>abort</name>
         <value>0x9f0d</value>
         <object_component_ref idref="oc-147"/>
      </symbol>
      <symbol id="sm-6b7">
         <name>exit</name>
         <value>0x9f0f</value>
         <object_component_ref idref="oc-147"/>
      </symbol>
      <symbol id="sm-6b8">
         <name>__TI_dtors_ptr</name>
         <value>0xa670</value>
         <object_component_ref idref="oc-19e"/>
      </symbol>
      <symbol id="sm-6b9">
         <name>__TI_cleanup_ptr</name>
         <value>0xa66e</value>
         <object_component_ref idref="oc-19e"/>
      </symbol>
      <symbol id="sm-6ba">
         <name>__TI_enable_exit_profile_output</name>
         <value>0xa66c</value>
         <object_component_ref idref="oc-19e"/>
      </symbol>
      <symbol id="sm-6d1">
         <name>_nop</name>
         <value>0xb45f</value>
         <object_component_ref idref="oc-1dd"/>
      </symbol>
      <symbol id="sm-6d2">
         <name>_lock</name>
         <value>0xa676</value>
         <object_component_ref idref="oc-1a1"/>
      </symbol>
      <symbol id="sm-6d3">
         <name>_unlock</name>
         <value>0xa678</value>
         <object_component_ref idref="oc-28a"/>
      </symbol>
      <symbol id="sm-6d4">
         <name>_register_lock</name>
         <value>0xb45b</value>
         <object_component_ref idref="oc-1dd"/>
      </symbol>
      <symbol id="sm-6d5">
         <name>_register_unlock</name>
         <value>0xb457</value>
         <object_component_ref idref="oc-1dd"/>
      </symbol>
      <symbol id="sm-6e4">
         <name>_args_main</name>
         <value>0xb417</value>
         <object_component_ref idref="oc-141"/>
      </symbol>
      <symbol id="sm-74b">
         <name>_sys_memory</name>
         <value>0xa56c</value>
         <object_component_ref idref="oc-7b"/>
      </symbol>
      <symbol id="sm-74c">
         <name>free</name>
         <value>0xc02b</value>
         <object_component_ref idref="oc-339"/>
      </symbol>
      <symbol id="sm-74d">
         <name>__TI_heap_total_available</name>
         <value>0xc258</value>
         <object_component_ref idref="oc-339"/>
      </symbol>
      <symbol id="sm-74e">
         <name>__TI_heap_largest_available</name>
         <value>0xc277</value>
         <object_component_ref idref="oc-339"/>
      </symbol>
      <symbol id="sm-74f">
         <name>realloc</name>
         <value>0xc0f5</value>
         <object_component_ref idref="oc-339"/>
      </symbol>
      <symbol id="sm-750">
         <name>memalign</name>
         <value>0xc1aa</value>
         <object_component_ref idref="oc-339"/>
      </symbol>
      <symbol id="sm-751">
         <name>calloc</name>
         <value>0xc17d</value>
         <object_component_ref idref="oc-339"/>
      </symbol>
      <symbol id="sm-752">
         <name>malloc</name>
         <value>0xc000</value>
         <object_component_ref idref="oc-339"/>
      </symbol>
      <symbol id="sm-753">
         <name>__TI_heap_check</name>
         <value>0xc296</value>
         <object_component_ref idref="oc-339"/>
      </symbol>
      <symbol id="sm-754">
         <name>aligned_alloc</name>
         <value>0xc1aa</value>
         <object_component_ref idref="oc-339"/>
      </symbol>
      <symbol id="sm-755">
         <name>minit</name>
         <value>0xc179</value>
         <object_component_ref idref="oc-339"/>
      </symbol>
      <symbol id="sm-764">
         <name>memset</name>
         <value>0xb476</value>
         <object_component_ref idref="oc-df"/>
      </symbol>
      <symbol id="sm-777">
         <name>memcpy</name>
         <value>0xb000</value>
         <object_component_ref idref="oc-80"/>
      </symbol>
      <symbol id="sm-784">
         <name>_system_post_cinit</name>
         <value>0x3ff</value>
         <object_component_ref idref="oc-1a9"/>
      </symbol>
      <symbol id="sm-786">
         <name>__c_args__</name>
         <value>0x0</value>
      </symbol>
   </symbol_table>
   <title>Link successful</title>
</link_info>
