******************************************************************************
             TMS320C2000 Linker PC v22.6.2                     
******************************************************************************
>> Linked Thu Jul 17 15:20:45 2025

OUTPUT FILE NAME:   <cla_cc_f2838x.out>
ENTRY POINT SYMBOL: "code_start"  address: 00000000


MEMORY CONFIGURATION

         name            origin    length      used     unused   attr    fill
----------------------  --------  ---------  --------  --------  ----  --------
  BEGIN                 00000000   00000002  00000002  00000000  RWIX
  BOOT_RSVD             00000002   000001af  00000000  000001af  RWIX
  RAMM0                 000001b1   0000024f  0000024f  00000000  RWIX
  RAMM1                 00000400   000003f8  00000200  000001f8  RWIX
  CLA1_MSGRAMLOW        00001480   00000080  00000004  0000007c  RWIX
  CLA1_MSGRAMHIGH       00001500   00000080  00000000  00000080  RWIX
  RAMLS0                00008000   00000800  00000000  00000800  RWIX
  RAMLS1                00008800   00000800  00000100  00000700  RWIX
  RAMLS2                00009000   00000800  000007ff  00000001  RWIX
  RAMLS3                00009800   00000800  00000800  00000000  RWIX
  RAMLS4                0000a000   00000800  000007ff  00000001  RWIX
  RAMLS5                0000a800   00000800  0000028b  00000575  RWIX
  RAMLS6                0000b000   00000800  00000000  00000800  RWIX
  RAMLS7                0000b800   00000800  00000000  00000800  RWIX
  RAMD0                 0000c000   00000800  00000800  00000000  RWIX
  RAMD1                 0000c800   00000800  00000000  00000800  RWIX
  RAMGS0                0000d000   00001000  00000000  00001000  RWIX
  RAMGS1                0000e000   00001000  00000000  00001000  RWIX
  RAMGS2                0000f000   00001000  00000000  00001000  RWIX
  RAMGS3                00010000   00001000  00000000  00001000  RWIX
  RAMGS4                00011000   00001000  00000000  00001000  RWIX
  RAMGS5                00012000   00001000  00000000  00001000  RWIX
  RAMGS6                00013000   00001000  00000000  00001000  RWIX
  RAMGS7                00014000   00001000  00000000  00001000  RWIX
  RAMGS8                00015000   00001000  00000000  00001000  RWIX
  RAMGS9                00016000   00001000  00000000  00001000  RWIX
  RAMGS10               00017000   00001000  00000000  00001000  RWIX
  RAMGS11               00018000   00001000  00000000  00001000  RWIX
  RAMGS12               00019000   00001000  00000000  00001000  RWIX
  RAMGS13               0001a000   00001000  00000000  00001000  RWIX
  RAMGS14               0001b000   00001000  00000000  00001000  RWIX
  RAMGS15               0001c000   00000ff8  00000000  00000ff8  RWIX
  CMTOCPURAM            00038000   00000800  00000000  00000800  RWIX
  CPUTOCMRAM            00039000   00000800  00000000  00000800  RWIX
  CPU1TOCPU2RAM         0003a000   00000800  00000000  00000800  RWIX
  CPU2TOCPU1RAM         0003b000   00000800  00000000  00000800  RWIX
  CANA_MSG_RAM          00049000   00000800  00000000  00000800  RWIX
  CANB_MSG_RAM          0004b000   00000800  00000000  00000800  RWIX
  FLASH0                00080000   00002000  00000000  00002000  RWIX
  FLASH1                00082000   00002000  00000000  00002000  RWIX
  FLASH2                00084000   00002000  00000000  00002000  RWIX
  FLASH3                00086000   00002000  00000000  00002000  RWIX
  FLASH4                00088000   00008000  00000000  00008000  RWIX
  FLASH5                00090000   00008000  00000000  00008000  RWIX
  FLASH6                00098000   00008000  00000000  00008000  RWIX
  FLASH7                000a0000   00008000  00000000  00008000  RWIX
  FLASH8                000a8000   00008000  00000000  00008000  RWIX
  FLASH9                000b0000   00008000  00000000  00008000  RWIX
  FLASH10               000b8000   00002000  00000000  00002000  RWIX
  FLASH11               000ba000   00002000  00000000  00002000  RWIX
  FLASH12               000bc000   00002000  00000000  00002000  RWIX
  FLASH13               000be000   00002000  00000000  00002000  RWIX
  RESET                 003fffc0   00000002  00000000  00000002  RWIX


SECTION ALLOCATION MAP

 output                                  attributes/
section   page    origin      length       input sections
--------  ----  ----------  ----------   ----------------
codestart 
*          0    00000000    00000002     
                  00000000    00000002     f2838x_codestartbranch.obj (codestart)

.bss       0    00000000    00000202     FAILED TO ALLOCATE
.cinit     0    0000aa74    00000018     
                  0000aa74    00000006     (.cinit..data.load) [load image, compression = lzss]
                  0000aa7a    00000006     (__TI_handler_table)
                  0000aa80    00000004     (.cinit..bss.load) [load image, compression = zero_init]
                  0000aa84    00000008     (__TI_cinit_table)

.reset     0    003fffc0    00000000     DSECT

.stack     0    00000400    00000200     UNINITIALIZED
                  00000400    00000200     --HOLE--

.init_array 
*          0    000001b1    00000000     UNINITIALIZED

.const     0    0000a000    0000064f     
                  0000a000    00000154     board.obj (.const:.string)
                  0000a154    0000009c     System_main.obj (.const:.string)
                  0000a1f0    00000097     driverlib.lib : gpio.obj (.const:.string)
                  0000a287    00000001     --HOLE-- [fill = 0]
                  0000a288    00000097                   : sysctl.obj (.const:.string)
                  0000a31f    00000001     --HOLE-- [fill = 0]
                  0000a320    00000094                   : dcc.obj (.const:.string)
                  0000a3b4    00000094                   : sci.obj (.const:.string)
                  0000a448    00000085     lab_main.obj (.const:.string)
                  0000a4cd    00000001     --HOLE-- [fill = 0]
                  0000a4ce    00000055     device.obj (.const:.string)
                  0000a523    00000001     --HOLE-- [fill = 0]
                  0000a524    0000004f     driverlib.lib : cputimer.obj (.const:.string)
                  0000a573    00000001     --HOLE-- [fill = 0]
                  0000a574    0000004d                   : memcfg.obj (.const:.string)
                  0000a5c1    00000001     --HOLE-- [fill = 0]
                  0000a5c2    0000004a                   : adc.obj (.const:.string)
                  0000a60c    00000043     Step_motor.obj (.const:.string)

.data      0    0000a650    00000010     UNINITIALIZED
                  0000a650    00000006     rts2800_fpu64_eabi.lib : exit.c.obj (.data)
                  0000a656    00000003     lab_main.obj (.data)
                  0000a659    00000002     System_main.obj (.data)
                  0000a65b    00000001     --HOLE--
                  0000a65c    00000002     rts2800_fpu64_eabi.lib : _lock.c.obj (.data:_lock)
                  0000a65e    00000002                            : _lock.c.obj (.data:_unlock)

Cla1Prog   0    0000a800    00000010     
                  0000a800    00000008     lab_cla_tasks.obj (Cla1Prog:Cla1Task1)
                  0000a808    00000008     lab_cla_tasks.obj (Cla1Prog:Cla1Task8)

Cla1ToCpuMsgRAM 
*          0    00001480    00000004     UNINITIALIZED
                  00001480    00000004     lab_main.obj (Cla1ToCpuMsgRAM)

CLAscratch 
*          0    00008800    00000100     UNINITIALIZED
                  00008800    00000100     --HOLE--

.TI.ramfunc 
*          0    000001b1    00000004     
                  000001b1    00000004     driverlib.lib : sysctl.obj (.TI.ramfunc)

.text.1    0    000001b5    0000024b     
                  000001b5    0000017f     board.obj (.text:MEMCFG_init)
                  00000334    000000cb     driverlib.lib : dcc.obj (.text:DCC_verifyClockFrequency)
                  000003ff    00000001     rts2800_fpu64_eabi.lib : startup.c.obj (.text)

.text.2    0    00009000    000007ff     
                  00009000    00000061     driverlib.lib : sysctl.obj (.text:SysCtl_getAuxClock)
                  00009061    00000060                   : sysctl.obj (.text:SysCtl_getClock)
                  000090c1    0000005e                   : sysctl.obj (.text:SysCtl_selectOscSourceAuxPLL)
                  0000911f    0000005d                   : adc.obj (.text:ADC_setOffsetTrim)
                  0000917c    0000005c     device.obj (.text:Device_init)
                  000091d8    00000052     driverlib.lib : gpio.obj (.text:GPIO_setPadConfig)
                  0000922a    00000049                   : sysctl.obj (.text:SysCtl_pollX1Counter)
                  00009273    00000048     board.obj (.text:myADC0_init)
                  000092bb    00000047     driverlib.lib : sysctl.obj (.text:SysCtl_selectOscSource)
                  00009302    00000046     board.obj (.text:ADC_setupSOC)
                  00009348    00000045     driverlib.lib : sci.obj (.text:SCI_clearInterruptStatus)
                  0000938d    00000044     Step_motor.obj (.text:GPIO_writePin)
                  000093d1    00000044     driverlib.lib : sci.obj (.text:SCI_enableInterrupt)
                  00009415    00000041     System_main.obj (.text:GetCommand)
                  00009456    00000041     System_main.obj (.text:INT_mySCI0_RX_ISR)
                  00009497    00000041     driverlib.lib : sci.obj (.text:SCI_writeCharArray)
                  000094d8    00000040                   : sysctl.obj (.text:SysCtl_selectXTAL)
                  00009518    0000003e                   : sci.obj (.text:SCI_setConfig)
                  00009556    0000003d     board.obj (.text:INTERRUPT_init)
                  00009593    0000003d     driverlib.lib : interrupt.obj (.text:Interrupt_initModule)
                  000095d0    0000003b     lab_main.obj (.text:GPIO_togglePin)
                  0000960b    00000039     driverlib.lib : memcfg.obj (.text:MemCfg_setLSRAMControllerSel)
                  00009644    00000037                   : gpio.obj (.text:GPIO_setControllerCore)
                  0000967b    00000037                   : gpio.obj (.text:GPIO_setPinConfig)
                  000096b2    00000037                   : gpio.obj (.text:GPIO_setQualificationMode)
                  000096e9    00000037                   : interrupt.obj (.text:Interrupt_enable)
                  00009720    00000031                   : gpio.obj (.text:GPIO_setDirectionMode)
                  00009751    00000030     System_timer.obj (.text:INT_myCPUTIMER0_ISR)
                  00009781    0000002f     board.obj (.text:ADC_setInterruptSource)
                  000097b0    0000002e     board.obj (.text:ADC_setInterruptSOCTrigger)
                  000097de    00000021     device.obj (.text:Device_initGPIO)

.text.3    0    00009800    00000800     
                  00009800    0000002e     rts2800_fpu64_eabi.lib : copy_decompress_lzss.c.obj (.text:decompress:lzss)
                  0000982e    0000002b                            : autoinit.c.obj (.text:__TI_auto_init_nobinit_nopinit)
                  00009859    0000002a     board.obj (.text:myCPUTIMER2_init)
                  00009883    00000029     rts2800_fpu64_eabi.lib : exit.c.obj (.text)
                  000098ac    00000028     driverlib.lib : adc.obj (.text:ADC_setMode)
                  000098d4    00000028     board.obj (.text:CPUTimer_selectClockSource)
                  000098fc    00000028     board.obj (.text:PinMux_init)
                  00009924    00000026     driverlib.lib : cla.obj (.text:CLA_setTriggerSource)
                  0000994a    00000026                   : memcfg.obj (.text:MemCfg_setGSRAMControllerSel)
                  00009970    00000026     board.obj (.text:SCI_setFIFOInterruptLevel)
                  00009996    00000025     driverlib.lib : sysctl.obj (.text:SysCtl_selectXTALSingleEnded)
                  000099bb    00000024                   : dcc.obj (.text:DCC_enableSingleShotMode)
                  000099df    00000024                   : sysctl.obj (.text:DCC_enableSingleShotMode)
                  00009a03    00000024     board.obj (.text:MemCfg_setCLAMemType)
                  00009a27    00000024     board.obj (.text:myCLA0_init)
                  00009a4b    00000024     board.obj (.text:myCPUTIMER0_init)
                  00009a6f    00000024     board.obj (.text:myCPUTIMER1_init)
                  00009a93    00000020     board.obj (.text:ADC_enableContinuousMode)
                  00009ab3    00000020     board.obj (.text:ADC_enableInterrupt)
                  00009ad3    00000020     driverlib.lib : sci.obj (.text:SCI_isFIFOEnabled)
                  00009af3    0000001e                   : dcc.obj (.text:DCC_setCounter0ClkSource)
                  00009b11    0000001e                   : sysctl.obj (.text:DCC_setCounter0ClkSource)
                  00009b2f    0000001e                   : dcc.obj (.text:DCC_setCounter1ClkSource)
                  00009b4d    0000001e                   : sysctl.obj (.text:DCC_setCounter1ClkSource)
                  00009b6b    0000001e     device.obj (.text:Device_verifyXTAL)
                  00009b89    0000001e     driverlib.lib : interrupt.obj (.text:Interrupt_initVectorTable)
                  00009ba7    0000001d     board.obj (.text:SCI_enableFIFO)
                  00009bc4    0000001d     rts2800_fpu64_eabi.lib : memcpy.c.obj (.text)
                  00009be1    0000001c     board.obj (.text:ADC_setSOCPriority)
                  00009bfd    0000001c     driverlib.lib : dcc.obj (.text:DCC_getErrorStatus)
                  00009c19    0000001c                   : dcc.obj (.text:DCC_getSingleShotStatus)
                  00009c35    0000001b     board.obj (.text:ADC_isBaseValid)
                  00009c50    0000001b     driverlib.lib : adc.obj (.text:ADC_isBaseValid)
                  00009c6b    0000001b     lab_main.obj (.text:ADC_isBaseValid)
                  00009c86    0000001b     System_main.obj (.text:SCI_isBaseValid)
                  00009ca1    0000001b     board.obj (.text:SCI_isBaseValid)
                  00009cbc    0000001b     driverlib.lib : sci.obj (.text:SCI_isBaseValid)
                  00009cd7    0000001b     System_main.obj (.text:System_main)
                  00009cf2    0000001a     board.obj (.text:CPUTimer_startTimer)
                  00009d0c    0000001a     driverlib.lib : dcc.obj (.text:DCC_isBaseValid)
                  00009d26    0000001a                   : sysctl.obj (.text:DCC_isBaseValid)
                  00009d40    0000001a     System_main.obj (.text:SCI_isSpaceAvailableNonFIFO)
                  00009d5a    0000001a     driverlib.lib : sci.obj (.text:SCI_isSpaceAvailableNonFIFO)
                  00009d74    0000001a                   : sysctl.obj (.text:SysCtl_getLowSpeedClock)
                  00009d8e    00000019     System_main.obj (.text:SCI_writeCharBlockingNonFIFO)
                  00009da7    00000019     rts2800_fpu64_eabi.lib : boot28.asm.obj (.text)
                  00009dc0    00000018     driverlib.lib : sci.obj (.text:SCI_disableModule)
                  00009dd8    00000018     board.obj (.text:SCI_performSoftwareReset)
                  00009df0    00000018     driverlib.lib : sci.obj (.text:SCI_performSoftwareReset)
                  00009e08    00000018     board.obj (.text:SCI_resetChannels)
                  00009e20    00000018     board.obj (.text:SCI_resetRxFIFO)
                  00009e38    00000018     board.obj (.text:SCI_resetTxFIFO)
                  00009e50    00000017     board.obj (.text:CPUTimer_isBaseValid)
                  00009e67    00000017     driverlib.lib : cputimer.obj (.text:CPUTimer_isBaseValid)
                  00009e7e    00000017     board.obj (.text:CPUTimer_setPreScaler)
                  00009e95    00000017     device.obj (.text:SysCtl_enablePeripheral)
                  00009eac    00000017     driverlib.lib : sysctl.obj (.text:SysCtl_enablePeripheral)
                  00009ec3    00000016     board.obj (.text:ADC_setInterruptPulseMode)
                  00009ed9    00000016     board.obj (.text:ADC_setPrescaler)
                  00009eef    00000016     board.obj (.text:CLA_enableTasks)
                  00009f05    00000016     board.obj (.text:CLA_mapTaskVector)
                  00009f1b    00000016     driverlib.lib : dcc.obj (.text:DCC_disableDoneSignal)
                  00009f31    00000016                   : sysctl.obj (.text:DCC_disableDoneSignal)
                  00009f47    00000016                   : dcc.obj (.text:DCC_enableDoneSignal)
                  00009f5d    00000016                   : interrupt.obj (.text:Interrupt_defaultHandler)
                  00009f73    00000015     board.obj (.text:ADC_disableBurstMode)
                  00009f88    00000015     board.obj (.text:Board_init)
                  00009f9d    00000015     board.obj (.text:CLA_disableBackgroundTask)
                  00009fb2    00000015     board.obj (.text:CLA_enableIACK)
                  00009fc7    00000015     board.obj (.text:CPUTimer_enableInterrupt)
                  00009fdc    00000015     driverlib.lib : dcc.obj (.text:DCC_clearDoneFlag)
                  00009ff1    0000000f     board.obj (.text:CLA_isBaseValid)

.text.4    0    0000a660    000001a0     
                  0000a660    00000015     driverlib.lib : sysctl.obj (.text:DCC_clearDoneFlag)
                  0000a675    00000015                   : dcc.obj (.text:DCC_clearErrorFlag)
                  0000a68a    00000015                   : sysctl.obj (.text:DCC_clearErrorFlag)
                  0000a69f    00000015                   : dcc.obj (.text:DCC_disableErrorSignal)
                  0000a6b4    00000015                   : sysctl.obj (.text:DCC_disableErrorSignal)
                  0000a6c9    00000015     device.obj (.text:GPIO_unlockPortConfig)
                  0000a6de    00000014     board.obj (.text:ADC_clearInterruptStatus)
                  0000a6f2    00000014     lab_main.obj (.text:ADC_clearInterruptStatus)
                  0000a706    00000014     board.obj (.text:CPUTimer_reloadTimerCounter)
                  0000a71a    00000014     board.obj (.text:CPUTimer_stopTimer)
                  0000a72e    00000014     driverlib.lib : dcc.obj (.text:DCC_disableModule)
                  0000a742    00000014                   : sysctl.obj (.text:DCC_disableModule)
                  0000a756    00000014                   : dcc.obj (.text:DCC_enableErrorSignal)
                  0000a76a    00000014                   : dcc.obj (.text:DCC_enableModule)
                  0000a77e    00000014                   : sysctl.obj (.text:DCC_enableModule)
                  0000a792    00000014                   : sci.obj (.text:SCI_getTxFIFOStatus)
                  0000a7a6    00000014     board.obj (.text:STEP_init)
                  0000a7ba    00000014     device.obj (.text:SysCtl_deviceCal)
                  0000a7ce    00000014     board.obj (.text:myBoardLED0_GPIO_init)
                  0000a7e2    00000013     board.obj (.text:ADC_enableConverter)
                  0000a7f5    0000000b     board.obj (.text:MemCfg_disableCorrErrorInterrupt)

.text.5    0    0000a810    00000263     
                  0000a810    00000013     driverlib.lib : cputimer.obj (.text:CPUTimer_setEmulationMode)
                  0000a823    00000013     device.obj (.text:Device_enableUnbondedGPIOPullupsFor176Pin)
                  0000a836    00000013     board.obj (.text:SCI_clearOverflowStatus)
                  0000a849    00000013     board.obj (.text:SCI_enableModule)
                  0000a85c    00000013     driverlib.lib : sci.obj (.text:SCI_enableModule)
                  0000a86f    00000012     board.obj (.text:SysCtl_setSyncOutputConfig)
                  0000a881    00000011     board.obj (.text:CPUTimer_setPeriod)
                  0000a892    00000011     device.obj (.text:Device_enableUnbondedGPIOPullups)
                  0000a8a3    00000011     board.obj (.text:SCI_disableLoopback)
                  0000a8b4    00000011     System_main.obj (.text:SCI_readCharNonBlocking)
                  0000a8c5    00000011     device.obj (.text:SysCtl_setCMClk)
                  0000a8d6    00000010     Step_motor.obj (.text:One_Step)
                  0000a8e6    0000000f     board.obj (.text:Interrupt_register)
                  0000a8f5    0000000f     driverlib.lib : ipc.obj (.text:Interrupt_unregister)
                  0000a904    0000000f                   : sysctl.obj (.text:SysCtl_setPLLSysClk)
                  0000a913    0000000e     Step_motor.obj (.text:GPIO_isPinValid)
                  0000a921    0000000e     driverlib.lib : gpio.obj (.text:GPIO_isPinValid)
                  0000a92f    0000000e     lab_main.obj (.text:GPIO_isPinValid)
                  0000a93d    0000000e     lab_main.obj (.text:main)
                  0000a94b    0000000d     System_timer.obj (.text:INT_myCPUTIMER1_ISR)
                  0000a958    0000000d     System_timer.obj (.text:INT_myCPUTIMER2_ISR)
                  0000a965    0000000d     driverlib.lib : interrupt.obj (.text:Interrupt_disableGlobal)
                  0000a972    0000000d                   : interrupt.obj (.text:Interrupt_enableGlobal)
                  0000a97f    0000000d     device.obj (.text:SysCtl_setLowSpeedClock)
                  0000a98c    0000000d     rts2800_fpu64_eabi.lib : copy_zero_init.c.obj (.text:decompress:ZI:__TI_zero_init_nomemset)
                  0000a999    0000000d     System_main.obj (.text:run_idle_state)
                  0000a9a6    0000000d     System_main.obj (.text:run_operate_state)
                  0000a9b3    0000000c     board.obj (.text:SysCtl_enableExtADCSOCSource)
                  0000a9bf    0000000c     rts2800_fpu64_eabi.lib : args_main.c.obj (.text)
                  0000a9cb    0000000b     device.obj (.text:SysCtl_disableWatchdog)
                  0000a9d6    0000000b     driverlib.lib : sysctl.obj (.text:SysCtl_isMCDClockFailureDetected)
                  0000a9e1    0000000a                   : interrupt.obj (.text:Interrupt_illegalOperationHandler)
                  0000a9eb    0000000a                   : interrupt.obj (.text:Interrupt_nmiHandler)
                  0000a9f5    0000000a     board.obj (.text:SYNC_init)
                  0000a9ff    00000009     board.obj (.text:MemCfg_disableROMPrefetch)
                  0000aa08    00000009     board.obj (.text:MemCfg_enableROMWaitState)
                  0000aa11    00000009     board.obj (.text:MemCfg_setCorrErrorThreshold)
                  0000aa1a    00000009     rts2800_fpu64_eabi.lib : _lock.c.obj (.text)
                  0000aa23    00000008                            : copy_decompress_none.c.obj (.text:decompress:none)
                  0000aa2b    00000008     f2838x_codestartbranch.obj (.text)
                  0000aa33    00000007     board.obj (.text:CPUTIMER_init)
                  0000aa3a    00000007     driverlib.lib : sysctl.obj (.text:SysCtl_resetMCD)
                  0000aa41    00000007     device.obj (.text:__error__)
                  0000aa48    00000007     Step_motor.obj (.text:motor_step_event)
                  0000aa4f    00000006     System_main.obj (.text:Interrupt_clearACKGroup)
                  0000aa55    00000006     System_timer.obj (.text:Interrupt_clearACKGroup)
                  0000aa5b    00000006     lab_main.obj (.text:Interrupt_clearACKGroup)
                  0000aa61    00000005     board.obj (.text:GPIO_init)
                  0000aa66    00000003     board.obj (.text:ADC_init)
                  0000aa69    00000003     board.obj (.text:CLA_init)
                  0000aa6c    00000003     board.obj (.text:SCI_init)
                  0000aa6f    00000002     Step_motor.obj (.text:motor_is_ready)
                  0000aa71    00000002     rts2800_fpu64_eabi.lib : pre_init.c.obj (.text)

.text.6    0    0000c000    00000800     
                  0000c000    00000167     device.obj (.text:Device_enableAllPeripherals)
                  0000c167    0000013b     driverlib.lib : sysctl.obj (.text:SysCtl_setClock)
                  0000c2a2    00000118                   : sysctl.obj (.text:SysCtl_isPLLValid)
                  0000c3ba    00000118                   : sysctl.obj (.text:SysCtl_setAuxClock)
                  0000c4d2    000000a9                   : memcfg.obj (.text:MemCfg_setProtection)
                  0000c57b    00000088     rts2800_fpu64_eabi.lib : fs_div28.asm.obj (.text)
                  0000c603    00000073     driverlib.lib : dcc.obj (.text:DCC_setCounterSeeds)
                  0000c676    00000073                   : sysctl.obj (.text:DCC_setCounterSeeds)
                  0000c6e9    0000006c                   : adc.obj (.text:ADC_setINLTrim)
                  0000c755    00000068     lab_main.obj (.text:cla1Isr1)
                  0000c7bd    00000043     board.obj (.text:mySCI0_init)

MODULE SUMMARY

       Module                       code   ro data   rw data
       ------                       ----   -------   -------
    .\App\
       System_main.obj              284    156       2      
       lab_main.obj                 244    133       7      
    +--+----------------------------+------+---------+---------+
       Total:                       528    289       9      
                                                            
    .\Common\
       System_timer.obj             80     0         0      
    +--+----------------------------+------+---------+---------+
       Total:                       80     0         0      
                                                            
    .\Drivers\Motor\
       Step_motor.obj               107    67        0      
       lab_cla_tasks.obj            16     0         0      
    +--+----------------------------+------+---------+---------+
       Total:                       123    67        0      
                                                            
    .\device\
       device.obj                   662    85        0      
       f2838x_codestartbranch.obj   10     0         0      
    +--+----------------------------+------+---------+---------+
       Total:                       672    85        0      
                                                            
    .\syscfg\
       board.obj                    1906   340       0      
    +--+----------------------------+------+---------+---------+
       Total:                       1906   340       0      
                                                            
    C:/ti/c2000/C2000Ware_5_05_00_00/driverlib/f2838x/driverlib/ccs/Debug/driverlib.lib
       sysctl.obj                   1855   151       0      
       dcc.obj                      663    148       0      
       sci.obj                      436    148       0      
       gpio.obj                     310    151       0      
       adc.obj                      268    74        0      
       memcfg.obj                   264    77        0      
       interrupt.obj                214    0         0      
       cputimer.obj                 42     79        0      
       cla.obj                      38     0         0      
       ipc.obj                      15     0         0      
    +--+----------------------------+------+---------+---------+
       Total:                       4105   828       0      
                                                            
    C:\ti\ccs2010\ccs\tools\compiler\ti-cgt-c2000_22.6.2.LTS\lib\rts2800_fpu64_eabi.lib
       fs_div28.asm.obj             136    0         0      
       exit.c.obj                   41     0         6      
       copy_decompress_lzss.c.obj   46     0         0      
       autoinit.c.obj               43     0         0      
       memcpy.c.obj                 29     0         0      
       boot28.asm.obj               25     0         0      
       _lock.c.obj                  9      0         4      
       copy_zero_init.c.obj         13     0         0      
       args_main.c.obj              12     0         0      
       copy_decompress_none.c.obj   8      0         0      
       pre_init.c.obj               2      0         0      
       startup.c.obj                1      0         0      
    +--+----------------------------+------+---------+---------+
       Total:                       365    0         10     
                                                            
       Stack:                       0      0         512    
       Linker Generated:            0      24        0      
    +--+----------------------------+------+---------+---------+
       Grand Total:                 7779   1633      531    


LINKER GENERATED COPY TABLES

__TI_cinit_table @ 0000aa84 records: 2, size/record: 4, table size: 8
	.data: load addr=0000aa74, load size=00000006 bytes, run addr=0000a650, run size=00000010 bytes, compression=lzss
	.bss: load addr=0000aa80, load size=00000004 bytes, run addr=00000000, run size=00000202 bytes, compression=zero_init


LINKER GENERATED HANDLER TABLE

__TI_handler_table @ 0000aa7a records: 3, size/record: 2, table size: 6
	index: 0, handler: __TI_zero_init
	index: 1, handler: __TI_decompress_lzss
	index: 2, handler: __TI_decompress_none


GLOBAL DATA SYMBOLS: SORTED BY DATA PAGE

address     data page           name
--------    ----------------    ----
00000000       0 (00000000)     AdcBuf

00000100       4 (00000100)     ClaBuf

00000200       8 (00000200)     msg

00000400      10 (00000400)     __stack

00001480      52 (00001480)     filter_out
00001482      52 (00001480)     filter_in

0000a650     299 (0000a640)     __TI_enable_exit_profile_output
0000a652     299 (0000a640)     __TI_cleanup_ptr
0000a654     299 (0000a640)     __TI_dtors_ptr
0000a656     299 (0000a640)     ClaBufIdx
0000a657     299 (0000a640)     AdcBufIdx
0000a658     299 (0000a640)     LedCtr
0000a659     299 (0000a640)     receivedChar
0000a65a     299 (0000a640)     newCommand
0000a65c     299 (0000a640)     _lock
0000a65e     299 (0000a640)     _unlock


GLOBAL SYMBOLS: SORTED ALPHABETICALLY BY Name 

page  address   name                                     
----  -------   ----                                     
0     0000aa66  ADC_init                                 
0     0000c6e9  ADC_setINLTrim                           
0     000098ac  ADC_setMode                              
0     0000911f  ADC_setOffsetTrim                        
0     00000000  AdcBuf                                   
0     0000a657  AdcBufIdx                                
0     00009f88  Board_init                               
0     00009883  C$$EXIT                                  
abs   00000100  CLA_SCRATCHPAD_SIZE                      
0     0000aa69  CLA_init                                 
0     00009924  CLA_setTriggerSource                     
0     0000aa33  CPUTIMER_init                            
0     0000a810  CPUTimer_setEmulationMode                
0     0000a800  Cla1Task1                                
0     0000a808  Cla1Task8                                
0     00000100  ClaBuf                                   
0     0000a656  ClaBufIdx                                
0     00000334  DCC_verifyClockFrequency                 
0     0000c000  Device_enableAllPeripherals              
0     0000a892  Device_enableUnbondedGPIOPullups         
0     0000a823  Device_enableUnbondedGPIOPullupsFor176Pin
0     0000917c  Device_init                              
0     000097de  Device_initGPIO                          
0     00009b6b  Device_verifyXTAL                        
0     0000aa61  GPIO_init                                
0     00009644  GPIO_setControllerCore                   
0     00009720  GPIO_setDirectionMode                    
0     000091d8  GPIO_setPadConfig                        
0     0000967b  GPIO_setPinConfig                        
0     000096b2  GPIO_setQualificationMode                
0     00009415  GetCommand                               
0     00009556  INTERRUPT_init                           
0     00009751  INT_myCPUTIMER0_ISR                      
0     0000a94b  INT_myCPUTIMER1_ISR                      
0     0000a958  INT_myCPUTIMER2_ISR                      
0     00009456  INT_mySCI0_RX_ISR                        
0     00009f5d  Interrupt_defaultHandler                 
0     000096e9  Interrupt_enable                         
0     0000a9e1  Interrupt_illegalOperationHandler        
0     00009593  Interrupt_initModule                     
0     00009b89  Interrupt_initVectorTable                
0     0000a9eb  Interrupt_nmiHandler                     
0     0000a658  LedCtr                                   
0     000001b5  MEMCFG_init                              
0     0000994a  MemCfg_setGSRAMControllerSel             
0     0000960b  MemCfg_setLSRAMControllerSel             
0     0000c4d2  MemCfg_setProtection                     
0     0000a8d6  One_Step                                 
0     000098fc  PinMux_init                              
0     00009348  SCI_clearInterruptStatus                 
0     000093d1  SCI_enableInterrupt                      
0     0000aa6c  SCI_init                                 
0     00009518  SCI_setConfig                            
0     00009497  SCI_writeCharArray                       
0     0000a7a6  STEP_init                                
0     0000a9f5  SYNC_init                                
0     000001b1  SysCtl_delay                             
0     00009000  SysCtl_getAuxClock                       
0     00009061  SysCtl_getClock                          
0     00009d74  SysCtl_getLowSpeedClock                  
0     0000c2a2  SysCtl_isPLLValid                        
0     000092bb  SysCtl_selectOscSource                   
0     000090c1  SysCtl_selectOscSourceAuxPLL             
0     000094d8  SysCtl_selectXTAL                        
0     00009996  SysCtl_selectXTALSingleEnded             
0     0000c3ba  SysCtl_setAuxClock                       
0     0000c167  SysCtl_setClock                          
0     00009cd7  System_main                              
0     0000aa84  __TI_CINIT_Base                          
0     0000aa8c  __TI_CINIT_Limit                         
0     0000aa8c  __TI_CINIT_Warm                          
0     0000aa7a  __TI_Handler_Table_Base                  
0     0000aa80  __TI_Handler_Table_Limit                 
0     00000600  __TI_STACK_END                           
abs   00000200  __TI_STACK_SIZE                          
0     0000982e  __TI_auto_init_nobinit_nopinit           
0     0000a652  __TI_cleanup_ptr                         
0     00009800  __TI_decompress_lzss                     
0     0000aa23  __TI_decompress_none                     
0     0000a654  __TI_dtors_ptr                           
0     0000a650  __TI_enable_exit_profile_output          
abs   ffffffff  __TI_pprof_out_hndl                      
abs   ffffffff  __TI_prof_data_size                      
abs   ffffffff  __TI_prof_data_start                     
0     0000a98c  __TI_zero_init_nomemset                  
0     0000c57b  __c28xabi_divf                           
n/a   UNDEFED   __c_args__                               
0     0000aa41  __error__                                
0     00000400  __stack                                  
0     0000a9bf  _args_main                               
0     00009da7  _c_int00                                 
0     0000a65c  _lock                                    
0     0000aa22  _nop                                     
0     0000aa1e  _register_lock                           
0     0000aa1a  _register_unlock                         
0     000003ff  _system_post_cinit                       
0     0000aa71  _system_pre_init                         
0     0000a65e  _unlock                                  
0     00009883  abort                                    
0     0000c755  cla1Isr1                                 
0     00000000  code_start                               
0     00009885  exit                                     
0     00001482  filter_in                                
0     00001480  filter_out                               
0     0000a93d  main                                     
0     00009bc4  memcpy                                   
0     0000aa6f  motor_is_ready                           
0     0000aa48  motor_step_event                         
0     00000200  msg                                      
0     00009273  myADC0_init                              
0     0000a7ce  myBoardLED0_GPIO_init                    
0     00009a27  myCLA0_init                              
0     00009a4b  myCPUTIMER0_init                         
0     00009a6f  myCPUTIMER1_init                         
0     00009859  myCPUTIMER2_init                         
0     0000c7bd  mySCI0_init                              
0     0000a65a  newCommand                               
0     0000a659  receivedChar                             
0     0000a999  run_idle_state                           
0     0000a9a6  run_operate_state                        


GLOBAL SYMBOLS: SORTED BY Symbol Address 

page  address   name                                     
----  -------   ----                                     
0     00000000  AdcBuf                                   
0     00000000  code_start                               
0     00000100  ClaBuf                                   
0     000001b1  SysCtl_delay                             
0     000001b5  MEMCFG_init                              
0     00000200  msg                                      
0     00000334  DCC_verifyClockFrequency                 
0     000003ff  _system_post_cinit                       
0     00000400  __stack                                  
0     00000600  __TI_STACK_END                           
0     00001480  filter_out                               
0     00001482  filter_in                                
0     00009000  SysCtl_getAuxClock                       
0     00009061  SysCtl_getClock                          
0     000090c1  SysCtl_selectOscSourceAuxPLL             
0     0000911f  ADC_setOffsetTrim                        
0     0000917c  Device_init                              
0     000091d8  GPIO_setPadConfig                        
0     00009273  myADC0_init                              
0     000092bb  SysCtl_selectOscSource                   
0     00009348  SCI_clearInterruptStatus                 
0     000093d1  SCI_enableInterrupt                      
0     00009415  GetCommand                               
0     00009456  INT_mySCI0_RX_ISR                        
0     00009497  SCI_writeCharArray                       
0     000094d8  SysCtl_selectXTAL                        
0     00009518  SCI_setConfig                            
0     00009556  INTERRUPT_init                           
0     00009593  Interrupt_initModule                     
0     0000960b  MemCfg_setLSRAMControllerSel             
0     00009644  GPIO_setControllerCore                   
0     0000967b  GPIO_setPinConfig                        
0     000096b2  GPIO_setQualificationMode                
0     000096e9  Interrupt_enable                         
0     00009720  GPIO_setDirectionMode                    
0     00009751  INT_myCPUTIMER0_ISR                      
0     000097de  Device_initGPIO                          
0     00009800  __TI_decompress_lzss                     
0     0000982e  __TI_auto_init_nobinit_nopinit           
0     00009859  myCPUTIMER2_init                         
0     00009883  C$$EXIT                                  
0     00009883  abort                                    
0     00009885  exit                                     
0     000098ac  ADC_setMode                              
0     000098fc  PinMux_init                              
0     00009924  CLA_setTriggerSource                     
0     0000994a  MemCfg_setGSRAMControllerSel             
0     00009996  SysCtl_selectXTALSingleEnded             
0     00009a27  myCLA0_init                              
0     00009a4b  myCPUTIMER0_init                         
0     00009a6f  myCPUTIMER1_init                         
0     00009b6b  Device_verifyXTAL                        
0     00009b89  Interrupt_initVectorTable                
0     00009bc4  memcpy                                   
0     00009cd7  System_main                              
0     00009d74  SysCtl_getLowSpeedClock                  
0     00009da7  _c_int00                                 
0     00009f5d  Interrupt_defaultHandler                 
0     00009f88  Board_init                               
0     0000a650  __TI_enable_exit_profile_output          
0     0000a652  __TI_cleanup_ptr                         
0     0000a654  __TI_dtors_ptr                           
0     0000a656  ClaBufIdx                                
0     0000a657  AdcBufIdx                                
0     0000a658  LedCtr                                   
0     0000a659  receivedChar                             
0     0000a65a  newCommand                               
0     0000a65c  _lock                                    
0     0000a65e  _unlock                                  
0     0000a7a6  STEP_init                                
0     0000a7ce  myBoardLED0_GPIO_init                    
0     0000a800  Cla1Task1                                
0     0000a808  Cla1Task8                                
0     0000a810  CPUTimer_setEmulationMode                
0     0000a823  Device_enableUnbondedGPIOPullupsFor176Pin
0     0000a892  Device_enableUnbondedGPIOPullups         
0     0000a8d6  One_Step                                 
0     0000a93d  main                                     
0     0000a94b  INT_myCPUTIMER1_ISR                      
0     0000a958  INT_myCPUTIMER2_ISR                      
0     0000a98c  __TI_zero_init_nomemset                  
0     0000a999  run_idle_state                           
0     0000a9a6  run_operate_state                        
0     0000a9bf  _args_main                               
0     0000a9e1  Interrupt_illegalOperationHandler        
0     0000a9eb  Interrupt_nmiHandler                     
0     0000a9f5  SYNC_init                                
0     0000aa1a  _register_unlock                         
0     0000aa1e  _register_lock                           
0     0000aa22  _nop                                     
0     0000aa23  __TI_decompress_none                     
0     0000aa33  CPUTIMER_init                            
0     0000aa41  __error__                                
0     0000aa48  motor_step_event                         
0     0000aa61  GPIO_init                                
0     0000aa66  ADC_init                                 
0     0000aa69  CLA_init                                 
0     0000aa6c  SCI_init                                 
0     0000aa6f  motor_is_ready                           
0     0000aa71  _system_pre_init                         
0     0000aa7a  __TI_Handler_Table_Base                  
0     0000aa80  __TI_Handler_Table_Limit                 
0     0000aa84  __TI_CINIT_Base                          
0     0000aa8c  __TI_CINIT_Limit                         
0     0000aa8c  __TI_CINIT_Warm                          
0     0000c000  Device_enableAllPeripherals              
0     0000c167  SysCtl_setClock                          
0     0000c2a2  SysCtl_isPLLValid                        
0     0000c3ba  SysCtl_setAuxClock                       
0     0000c4d2  MemCfg_setProtection                     
0     0000c57b  __c28xabi_divf                           
0     0000c6e9  ADC_setINLTrim                           
0     0000c755  cla1Isr1                                 
0     0000c7bd  mySCI0_init                              
abs   00000100  CLA_SCRATCHPAD_SIZE                      
abs   00000200  __TI_STACK_SIZE                          
abs   ffffffff  __TI_pprof_out_hndl                      
abs   ffffffff  __TI_prof_data_size                      
abs   ffffffff  __TI_prof_data_start                     
n/a   UNDEFED   __c_args__                               

[120 symbols]
